Archive member included to satisfy reference by file (symbol)

/usr/lib/gcc/arm-none-eabi/10.3.1/thumb/v6-m/nofp/libgcc.a(_dvmd_tls.o)
                              CMakeFiles/misterpico.dir/home/wormley/shared/git/pico/pico-sdk/src/rp2_common/pico_divider/divider.S.obj (__aeabi_idiv0)
/usr/lib/gcc/arm-none-eabi/10.3.1/../../../arm-none-eabi/lib/thumb/v6-m/nofp/libg.a(lib_a-atexit.o)
                              /usr/lib/gcc/arm-none-eabi/10.3.1/../../../arm-none-eabi/lib/thumb/v6-m/nofp/crt0.o (atexit)
/usr/lib/gcc/arm-none-eabi/10.3.1/../../../arm-none-eabi/lib/thumb/v6-m/nofp/libg.a(lib_a-calloc.o)
                              CMakeFiles/misterpico.dir/home/wormley/shared/git/pico/pico-sdk/src/rp2_common/pico_malloc/pico_malloc.c.obj (calloc)
/usr/lib/gcc/arm-none-eabi/10.3.1/../../../arm-none-eabi/lib/thumb/v6-m/nofp/libg.a(lib_a-callocr.o)
                              /usr/lib/gcc/arm-none-eabi/10.3.1/../../../arm-none-eabi/lib/thumb/v6-m/nofp/libg.a(lib_a-calloc.o) (_calloc_r)
/usr/lib/gcc/arm-none-eabi/10.3.1/../../../arm-none-eabi/lib/thumb/v6-m/nofp/libg.a(lib_a-ctype_.o)
                              CMakeFiles/misterpico.dir/home/wormley/shared/git/pico/pico-sdk/lib/tinyusb/src/tusb.c.obj (_ctype_)
/usr/lib/gcc/arm-none-eabi/10.3.1/../../../arm-none-eabi/lib/thumb/v6-m/nofp/libg.a(lib_a-fini.o)
                              /usr/lib/gcc/arm-none-eabi/10.3.1/../../../arm-none-eabi/lib/thumb/v6-m/nofp/crt0.o (__libc_fini_array)
/usr/lib/gcc/arm-none-eabi/10.3.1/../../../arm-none-eabi/lib/thumb/v6-m/nofp/libg.a(lib_a-fprintf.o)
                              CMakeFiles/misterpico.dir/misterpico.c.obj (fprintf)
/usr/lib/gcc/arm-none-eabi/10.3.1/../../../arm-none-eabi/lib/thumb/v6-m/nofp/libg.a(lib_a-impure.o)
                              CMakeFiles/misterpico.dir/misterpico.c.obj (_impure_ptr)
/usr/lib/gcc/arm-none-eabi/10.3.1/../../../arm-none-eabi/lib/thumb/v6-m/nofp/libg.a(lib_a-init.o)
                              /usr/lib/gcc/arm-none-eabi/10.3.1/../../../arm-none-eabi/lib/thumb/v6-m/nofp/crt0.o (__libc_init_array)
/usr/lib/gcc/arm-none-eabi/10.3.1/../../../arm-none-eabi/lib/thumb/v6-m/nofp/libg.a(lib_a-malloc.o)
                              CMakeFiles/misterpico.dir/home/wormley/shared/git/pico/pico-sdk/src/rp2_common/pico_malloc/pico_malloc.c.obj (malloc)
/usr/lib/gcc/arm-none-eabi/10.3.1/../../../arm-none-eabi/lib/thumb/v6-m/nofp/libg.a(lib_a-mallocr.o)
                              /usr/lib/gcc/arm-none-eabi/10.3.1/../../../arm-none-eabi/lib/thumb/v6-m/nofp/libg.a(lib_a-callocr.o) (_malloc_r)
/usr/lib/gcc/arm-none-eabi/10.3.1/../../../arm-none-eabi/lib/thumb/v6-m/nofp/libg.a(lib_a-mlock.o)
                              /usr/lib/gcc/arm-none-eabi/10.3.1/../../../arm-none-eabi/lib/thumb/v6-m/nofp/libg.a(lib_a-mallocr.o) (__malloc_lock)
/usr/lib/gcc/arm-none-eabi/10.3.1/../../../arm-none-eabi/lib/thumb/v6-m/nofp/libg.a(lib_a-realloc.o)
                              CMakeFiles/misterpico.dir/home/wormley/shared/git/pico/pico-sdk/src/rp2_common/pico_malloc/pico_malloc.c.obj (realloc)
/usr/lib/gcc/arm-none-eabi/10.3.1/../../../arm-none-eabi/lib/thumb/v6-m/nofp/libg.a(lib_a-reallocr.o)
                              /usr/lib/gcc/arm-none-eabi/10.3.1/../../../arm-none-eabi/lib/thumb/v6-m/nofp/libg.a(lib_a-realloc.o) (_realloc_r)
/usr/lib/gcc/arm-none-eabi/10.3.1/../../../arm-none-eabi/lib/thumb/v6-m/nofp/libg.a(lib_a-sbrkr.o)
                              /usr/lib/gcc/arm-none-eabi/10.3.1/../../../arm-none-eabi/lib/thumb/v6-m/nofp/libg.a(lib_a-mallocr.o) (_sbrk_r)
/usr/lib/gcc/arm-none-eabi/10.3.1/../../../arm-none-eabi/lib/thumb/v6-m/nofp/libg.a(lib_a-strlen-stub.o)
                              CMakeFiles/misterpico.dir/home/wormley/shared/git/pico/pico-sdk/src/rp2_common/pico_stdio/stdio.c.obj (strlen)
/usr/lib/gcc/arm-none-eabi/10.3.1/../../../arm-none-eabi/lib/thumb/v6-m/nofp/libg.a(lib_a-syswrite.o)
                              CMakeFiles/misterpico.dir/misterpico.c.obj (write)
/usr/lib/gcc/arm-none-eabi/10.3.1/../../../arm-none-eabi/lib/thumb/v6-m/nofp/libg.a(lib_a-vfprintf.o)
                              /usr/lib/gcc/arm-none-eabi/10.3.1/../../../arm-none-eabi/lib/thumb/v6-m/nofp/libg.a(lib_a-fprintf.o) (_vfprintf_r)
/usr/lib/gcc/arm-none-eabi/10.3.1/../../../arm-none-eabi/lib/thumb/v6-m/nofp/libg.a(lib_a-writer.o)
                              /usr/lib/gcc/arm-none-eabi/10.3.1/../../../arm-none-eabi/lib/thumb/v6-m/nofp/libg.a(lib_a-syswrite.o) (_write_r)
/usr/lib/gcc/arm-none-eabi/10.3.1/../../../arm-none-eabi/lib/thumb/v6-m/nofp/libg.a(lib_a-wsetup.o)
                              /usr/lib/gcc/arm-none-eabi/10.3.1/../../../arm-none-eabi/lib/thumb/v6-m/nofp/libg.a(lib_a-vfprintf.o) (__swsetup_r)
/usr/lib/gcc/arm-none-eabi/10.3.1/../../../arm-none-eabi/lib/thumb/v6-m/nofp/libg.a(lib_a-__atexit.o)
                              /usr/lib/gcc/arm-none-eabi/10.3.1/../../../arm-none-eabi/lib/thumb/v6-m/nofp/libg.a(lib_a-atexit.o) (__register_exitproc)
[...]
Memory Configuration

Name             Origin             Length             Attributes
FLASH            0x0000000010000000 0x0000000000200000 xr
RAM              0x0000000020000000 0x0000000000040000 xrw
SCRATCH_X        0x0000000020040000 0x0000000000001000 xrw
SCRATCH_Y        0x0000000020041000 0x0000000000001000 xrw
*default*        0x0000000000000000 0xffffffffffffffff

Linker script and memory map

LOAD /usr/lib/gcc/arm-none-eabi/10.3.1/thumb/v6-m/nofp/crti.o
LOAD /usr/lib/gcc/arm-none-eabi/10.3.1/thumb/v6-m/nofp/crtbegin.o
LOAD /usr/lib/gcc/arm-none-eabi/10.3.1/../../../arm-none-eabi/lib/thumb/v6-m/nofp/crt0.o

.flash_begin    0x0000000010000000        0x0
                0x0000000010000000                __flash_binary_start = .

.boot2          0x0000000010000000      0x100
                0x0000000010000000                __boot2_start__ = .
 *(.boot2)
 .boot2         0x0000000010000000      0x100 /tmp/ccLQthQB.o
                0x0000000010000100                __boot2_end__ = .
                0x0000000000000001                ASSERT (((__boot2_end__ - __boot2_start__) == 0x100), ERROR: Pico second stage bootloader must be 256 bytes in size)

.text           0x0000000010000100     0xdfe8
                0x0000000010000100                __logical_binary_start = .
 *(.vectors)
 .vectors       0x0000000010000100       0xd4 CMakeFiles/misterpico.dir/home/wormley/shared/git/pico/pico-sdk/src/rp2_common/pico_standard_link/crt0.S.obj
                0x0000000010000100                __vectors
                0x0000000010000100                __VECTOR_TABLE
                0x00000000100001c0                isr_invalid
                0x00000000100001c0                __default_isrs_start
                0x00000000100001c2                isr_nmi
                0x00000000100001c4                isr_hardfault
                0x00000000100001c6                isr_svcall
                0x00000000100001c8                isr_pendsv
                0x00000000100001ca                isr_systick
                0x00000000100001cc                isr_irq30
                0x00000000100001cc                __unhandled_user_irq
                0x00000000100001cc                isr_irq13
                0x00000000100001cc                isr_irq27
                0x00000000100001cc                isr_irq31
                0x00000000100001cc                isr_irq5
                0x00000000100001cc                isr_irq11
                0x00000000100001cc                isr_irq23
                0x00000000100001cc                isr_irq18
                0x00000000100001cc                isr_irq28
                0x00000000100001cc                isr_irq19
                0x00000000100001cc                isr_irq0
                0x00000000100001cc                isr_irq6
                0x00000000100001cc                isr_irq22
                0x00000000100001cc                isr_irq17
                0x00000000100001cc                isr_irq14
                0x00000000100001cc                isr_irq2
                0x00000000100001cc                isr_irq10
                0x00000000100001cc                isr_irq8
                0x00000000100001cc                isr_irq24
                0x00000000100001cc                isr_irq1
                0x00000000100001cc                isr_irq7
                0x00000000100001cc                isr_irq21
                0x00000000100001cc                isr_irq20
                0x00000000100001cc                isr_irq15
                0x00000000100001cc                isr_irq25
                0x00000000100001cc                isr_irq4
                0x00000000100001cc                isr_irq16
                0x00000000100001cc                isr_irq29
                0x00000000100001cc                isr_irq26
                0x00000000100001cc                __default_isrs_end
                0x00000000100001cc                isr_irq3
                0x00000000100001cc                isr_irq12
                0x00000000100001cc                isr_irq9
                0x00000000100001d2                unhandled_user_irq_num_in_r0
 *(.binary_info_header)
 .binary_info_header
                0x00000000100001d4       0x14 CMakeFiles/misterpico.dir/home/wormley/shared/git/pico/pico-sdk/src/rp2_common/pico_standard_link/crt0.S.obj
                0x00000000100001e8                __binary_info_header_end = .
 *(.reset)
 .reset         0x00000000100001e8       0xa8 CMakeFiles/misterpico.dir/home/wormley/shared/git/pico/pico-sdk/src/rp2_common/pico_standard_link/crt0.S.obj
                0x00000000100001e8                _entry_point
                0x0000000010000266                __get_current_exception
 .reset         0x0000000010000290       0x30 CMakeFiles/misterpico.dir/home/wormley/shared/git/pico/pico-sdk/src/rp2_common/pico_standard_link/binary_info.c.obj
 *(.init)
 .init          0x00000000100002c0        0x4 /usr/lib/gcc/arm-none-eabi/10.3.1/thumb/v6-m/nofp/crti.o
                0x00000000100002c0                _init
 *(EXCLUDE_FILE(*libm.a: *libc.a:*lib_a-mem*.o *libgcc.a:) .text*)
 .text          0x00000000100002c4       0x98 /usr/lib/gcc/arm-none-eabi/10.3.1/thumb/v6-m/nofp/crtbegin.o
 .text.i2c_slave_handler
                0x000000001000035c      0x178 CMakeFiles/misterpico.dir/misterpico.c.obj
 .text.setup_slave
                0x00000000100004d4       0x54 CMakeFiles/misterpico.dir/misterpico.c.obj
 .text.main_i2c_loop
                0x0000000010000528      0x14c CMakeFiles/misterpico.dir/misterpico.c.obj
 .text.setup_pwm
                0x0000000010000674       0xf4 CMakeFiles/misterpico.dir/misterpico.c.obj
                0x0000000010000674                setup_pwm
 .text.setup_gpio
                0x0000000010000768       0x1c CMakeFiles/misterpico.dir/misterpico.c.obj
                0x0000000010000768                setup_gpio
 .text.gpioout  0x0000000010000784       0x58 CMakeFiles/misterpico.dir/misterpico.c.obj
                0x0000000010000784                gpioout
 .text.pwmout   0x00000000100007dc       0x38 CMakeFiles/misterpico.dir/misterpico.c.obj
                0x00000000100007dc                pwmout
 .text.main_pwm_loop
                0x0000000010000814      0x18c CMakeFiles/misterpico.dir/misterpico.c.obj
                0x0000000010000814                main_pwm_loop
 .text.setup_adc
                0x00000000100009a0       0x48 CMakeFiles/misterpico.dir/misterpico.c.obj
                0x00000000100009a0                setup_adc
 .text.main_output_loop
                0x00000000100009e8       0x6c CMakeFiles/misterpico.dir/misterpico.c.obj
                0x00000000100009e8                main_output_loop
 .text.adc_output_loop
                0x0000000010000a54       0xc0 CMakeFiles/misterpico.dir/misterpico.c.obj
                0x0000000010000a54                adc_output_loop
 .text.main     0x0000000010000b14      0x164 CMakeFiles/misterpico.dir/misterpico.c.obj
                0x0000000010000b14                main
 .text.i2c_slave_init
                0x0000000010000c78       0x98 CMakeFiles/misterpico.dir/home/wormley/shared/git/pico/pico_i2c_slave/i2c_slave/i2c_slave.c.obj
                0x0000000010000c78                i2c_slave_init
 .text.i2c_set_baudrate
                0x0000000010000d10       0xf0 CMakeFiles/misterpico.dir/home/wormley/shared/git/pico/pico-sdk/src/rp2_common/hardware_i2c/i2c.c.obj
                0x0000000010000d10                i2c_set_baudrate
 .text.i2c_init
                0x0000000010000e00       0x58 CMakeFiles/misterpico.dir/home/wormley/shared/git/pico/pico-sdk/src/rp2_common/hardware_i2c/i2c.c.obj
                0x0000000010000e00                i2c_init
 .text.i2c_set_slave_mode
                0x0000000010000e58       0x48 CMakeFiles/misterpico.dir/home/wormley/shared/git/pico/pico-sdk/src/rp2_common/hardware_i2c/i2c.c.obj
                0x0000000010000e58                i2c_set_slave_mode
 .text.hw_claim_lock
                0x0000000010000ea0       0x18 CMakeFiles/misterpico.dir/home/wormley/shared/git/pico/pico-sdk/src/rp2_common/hardware_claim/claim.c.obj
                0x0000000010000ea0                hw_claim_lock
 .text.hw_claim_unlock
                0x0000000010000eb8       0x14 CMakeFiles/misterpico.dir/home/wormley/shared/git/pico/pico-sdk/src/rp2_common/hardware_claim/claim.c.obj
                0x0000000010000eb8                hw_claim_unlock
 .text.hw_claim_or_assert
                0x0000000010000ecc       0x32 CMakeFiles/misterpico.dir/home/wormley/shared/git/pico/pico-sdk/src/rp2_common/hardware_claim/claim.c.obj
                0x0000000010000ecc                hw_claim_or_assert
 .text.hw_claim_unused_from_range
                0x0000000010000efe       0x50 CMakeFiles/misterpico.dir/home/wormley/shared/git/pico/pico-sdk/src/rp2_common/hardware_claim/claim.c.obj
                0x0000000010000efe                hw_claim_unused_from_range
 *fill*         0x0000000010000f4e        0x2 
 .text.running_on_fpga
                0x0000000010000f50       0x14 CMakeFiles/misterpico.dir/home/wormley/shared/git/pico/pico-sdk/src/rp2_common/pico_platform/platform.c.obj
                0x0000000010000f50                running_on_fpga
 .text.spin_locks_reset
                0x0000000010000f64       0x20 CMakeFiles/misterpico.dir/home/wormley/shared/git/pico/pico-sdk/src/rp2_common/hardware_sync/sync.c.obj
                0x0000000010000f64                spin_locks_reset
 .text.next_striped_spin_lock_num
                0x0000000010000f84       0x1c CMakeFiles/misterpico.dir/home/wormley/shared/git/pico/pico-sdk/src/rp2_common/hardware_sync/sync.c.obj
                0x0000000010000f84                next_striped_spin_lock_num
 .text.spin_lock_claim_unused
                0x0000000010000fa0       0x20 CMakeFiles/misterpico.dir/home/wormley/shared/git/pico/pico-sdk/src/rp2_common/hardware_sync/sync.c.obj
                0x0000000010000fa0                spin_lock_claim_unused
 .text.set_raw_irq_handler_and_unlock
                0x0000000010000fc0       0x28 CMakeFiles/misterpico.dir/home/wormley/shared/git/pico/pico-sdk/src/rp2_common/hardware_irq/irq.c.obj
 .text.make_branch
                0x0000000010000fe8       0x48 CMakeFiles/misterpico.dir/home/wormley/shared/git/pico/pico-sdk/src/rp2_common/hardware_irq/irq.c.obj
 .text.insert_branch_and_link
                0x0000000010001030       0x40 CMakeFiles/misterpico.dir/home/wormley/shared/git/pico/pico-sdk/src/rp2_common/hardware_irq/irq.c.obj
 .text.irq_is_enabled
                0x0000000010001070       0x18 CMakeFiles/misterpico.dir/home/wormley/shared/git/pico/pico-sdk/src/rp2_common/hardware_irq/irq.c.obj
                0x0000000010001070                irq_is_enabled
 .text.irq_set_mask_enabled
                0x0000000010001088       0x20 CMakeFiles/misterpico.dir/home/wormley/shared/git/pico/pico-sdk/src/rp2_common/hardware_irq/irq.c.obj
                0x0000000010001088                irq_set_mask_enabled
 .text.irq_set_enabled
                0x00000000100010a8        0xe CMakeFiles/misterpico.dir/home/wormley/shared/git/pico/pico-sdk/src/rp2_common/hardware_irq/irq.c.obj
                0x00000000100010a8                irq_set_enabled
 *fill*         0x00000000100010b6        0x2 
 .text.irq_set_pending
                0x00000000100010b8       0x10 CMakeFiles/misterpico.dir/home/wormley/shared/git/pico/pico-sdk/src/rp2_common/hardware_irq/irq.c.obj
                0x00000000100010b8                irq_set_pending
 .text.irq_get_vtable_handler
                0x00000000100010c8       0x10 CMakeFiles/misterpico.dir/home/wormley/shared/git/pico/pico-sdk/src/rp2_common/hardware_irq/irq.c.obj
                0x00000000100010c8                irq_get_vtable_handler
 .text.irq_has_shared_handler
                0x00000000100010d8       0x24 CMakeFiles/misterpico.dir/home/wormley/shared/git/pico/pico-sdk/src/rp2_common/hardware_irq/irq.c.obj
                0x00000000100010d8                irq_has_shared_handler
 .text.irq_set_exclusive_handler
                0x00000000100010fc       0x54 CMakeFiles/misterpico.dir/home/wormley/shared/git/pico/pico-sdk/src/rp2_common/hardware_irq/irq.c.obj
                0x00000000100010fc                irq_set_exclusive_handler
 .text.irq_add_shared_handler
                0x0000000010001150      0x230 CMakeFiles/misterpico.dir/home/wormley/shared/git/pico/pico-sdk/src/rp2_common/hardware_irq/irq.c.obj
                0x0000000010001150                irq_add_shared_handler
 .text.irq_remove_handler
                0x0000000010001380      0x1a8 CMakeFiles/misterpico.dir/home/wormley/shared/git/pico/pico-sdk/src/rp2_common/hardware_irq/irq.c.obj
                0x0000000010001380                irq_remove_handler
 .text.irq_add_tail_to_free_list
                0x0000000010001528       0xf0 CMakeFiles/misterpico.dir/home/wormley/shared/git/pico/pico-sdk/src/rp2_common/hardware_irq/irq.c.obj
                0x0000000010001528                irq_add_tail_to_free_list
 .text.irq_init_priorities
                0x0000000010001618       0x1c CMakeFiles/misterpico.dir/home/wormley/shared/git/pico/pico-sdk/src/rp2_common/hardware_irq/irq.c.obj
                0x0000000010001618                irq_init_priorities
 .text.user_irq_claim_unused
                0x0000000010001634       0x30 CMakeFiles/misterpico.dir/home/wormley/shared/git/pico/pico-sdk/src/rp2_common/hardware_irq/irq.c.obj
                0x0000000010001634                user_irq_claim_unused
 .text.lock_init
                0x0000000010001664       0x10 CMakeFiles/misterpico.dir/home/wormley/shared/git/pico/pico-sdk/src/common/pico_sync/lock_core.c.obj
                0x0000000010001664                lock_init
 .text.alarm_pool_post_alloc_init
                0x0000000010001674       0x40 CMakeFiles/misterpico.dir/home/wormley/shared/git/pico/pico-sdk/src/common/pico_time/time.c.obj
 .text.sleep_until_callback
                0x00000000100016b4       0x30 CMakeFiles/misterpico.dir/home/wormley/shared/git/pico/pico-sdk/src/common/pico_time/time.c.obj
 .text.timer_pool_entry_comparator
                0x00000000100016e4       0x7c CMakeFiles/misterpico.dir/home/wormley/shared/git/pico/pico-sdk/src/common/pico_time/time.c.obj
                0x00000000100016e4                timer_pool_entry_comparator
 .text.ph_add_child_node
                0x0000000010001760       0xa4 CMakeFiles/misterpico.dir/home/wormley/shared/git/pico/pico-sdk/src/common/pico_time/time.c.obj
 .text.ph_merge_nodes
                0x0000000010001804       0x3e CMakeFiles/misterpico.dir/home/wormley/shared/git/pico/pico-sdk/src/common/pico_time/time.c.obj
 *fill*         0x0000000010001842        0x2 
 .text.add_alarm_under_lock
                0x0000000010001844      0x174 CMakeFiles/misterpico.dir/home/wormley/shared/git/pico/pico-sdk/src/common/pico_time/time.c.obj
 .text.alarm_pool_alarm_callback
                0x00000000100019b8      0x328 CMakeFiles/misterpico.dir/home/wormley/shared/git/pico/pico-sdk/src/common/pico_time/time.c.obj
 .text.alarm_pool_init_default
                0x0000000010001ce0       0x38 CMakeFiles/misterpico.dir/home/wormley/shared/git/pico/pico-sdk/src/common/pico_time/time.c.obj
                0x0000000010001ce0                alarm_pool_init_default
 .text.alarm_pool_get_default
                0x0000000010001d18       0x2c CMakeFiles/misterpico.dir/home/wormley/shared/git/pico/pico-sdk/src/common/pico_time/time.c.obj
                0x0000000010001d18                alarm_pool_get_default
 .text.alarm_pool_add_alarm_at
                0x0000000010001d44      0x170 CMakeFiles/misterpico.dir/home/wormley/shared/git/pico/pico-sdk/src/common/pico_time/time.c.obj
                0x0000000010001d44                alarm_pool_add_alarm_at
 .text.alarm_pool_cancel_alarm
                0x0000000010001eb4       0xf0 CMakeFiles/misterpico.dir/home/wormley/shared/git/pico/pico-sdk/src/common/pico_time/time.c.obj
                0x0000000010001eb4                alarm_pool_cancel_alarm
 .text.best_effort_wfe_or_timeout
                0x0000000010001fa4       0x80 CMakeFiles/misterpico.dir/home/wormley/shared/git/pico/pico-sdk/src/common/pico_time/time.c.obj
                0x0000000010001fa4                best_effort_wfe_or_timeout
 .text.hardware_alarm_irq_handler
                0x0000000010002024       0x8c CMakeFiles/misterpico.dir/home/wormley/shared/git/pico/pico-sdk/src/rp2_common/hardware_timer/timer.c.obj
 .text.hardware_alarm_claim
                0x00000000100020b0       0x18 CMakeFiles/misterpico.dir/home/wormley/shared/git/pico/pico-sdk/src/rp2_common/hardware_timer/timer.c.obj
                0x00000000100020b0                hardware_alarm_claim
 .text.time_us_64
                0x00000000100020c8       0x18 CMakeFiles/misterpico.dir/home/wormley/shared/git/pico/pico-sdk/src/rp2_common/hardware_timer/timer.c.obj
                0x00000000100020c8                time_us_64
 .text.busy_wait_until
                0x00000000100020e0       0x28 CMakeFiles/misterpico.dir/home/wormley/shared/git/pico/pico-sdk/src/rp2_common/hardware_timer/timer.c.obj
                0x00000000100020e0                busy_wait_until
 .text.busy_wait_us
                0x0000000010002108       0x48 CMakeFiles/misterpico.dir/home/wormley/shared/git/pico/pico-sdk/src/rp2_common/hardware_timer/timer.c.obj
                0x0000000010002108                busy_wait_us
 .text.hardware_alarm_set_callback
                0x0000000010002150       0x90 CMakeFiles/misterpico.dir/home/wormley/shared/git/pico/pico-sdk/src/rp2_common/hardware_timer/timer.c.obj
                0x0000000010002150                hardware_alarm_set_callback
 .text.hardware_alarm_set_target
                0x00000000100021e0       0xe8 CMakeFiles/misterpico.dir/home/wormley/shared/git/pico/pico-sdk/src/rp2_common/hardware_timer/timer.c.obj
                0x00000000100021e0                hardware_alarm_set_target
 .text.hardware_alarm_cancel
                0x00000000100022c8       0x40 CMakeFiles/misterpico.dir/home/wormley/shared/git/pico/pico-sdk/src/rp2_common/hardware_timer/timer.c.obj
                0x00000000100022c8                hardware_alarm_cancel
 .text.ph_add_child_node
                0x0000000010002308       0xa4 CMakeFiles/misterpico.dir/home/wormley/shared/git/pico/pico-sdk/src/common/pico_util/pheap.c.obj
 .text.ph_merge_nodes
                0x00000000100023ac       0x3e CMakeFiles/misterpico.dir/home/wormley/shared/git/pico/pico-sdk/src/common/pico_util/pheap.c.obj
 *fill*         0x00000000100023ea        0x2 
 .text.ph_clear
                0x00000000100023ec       0x70 CMakeFiles/misterpico.dir/home/wormley/shared/git/pico/pico-sdk/src/common/pico_util/pheap.c.obj
                0x00000000100023ec                ph_clear
 .text.ph_post_alloc_init
                0x000000001000245c        0xe CMakeFiles/misterpico.dir/home/wormley/shared/git/pico/pico-sdk/src/common/pico_util/pheap.c.obj
                0x000000001000245c                ph_post_alloc_init
 *fill*         0x000000001000246a        0x2 
 .text.ph_merge_two_pass
                0x000000001000246c       0xa8 CMakeFiles/misterpico.dir/home/wormley/shared/git/pico/pico-sdk/src/common/pico_util/pheap.c.obj
                0x000000001000246c                ph_merge_two_pass
 .text.ph_remove_any_head
                0x0000000010002514      0x108 CMakeFiles/misterpico.dir/home/wormley/shared/git/pico/pico-sdk/src/common/pico_util/pheap.c.obj
 .text.ph_remove_head
                0x000000001000261c       0x14 CMakeFiles/misterpico.dir/home/wormley/shared/git/pico/pico-sdk/src/common/pico_util/pheap.c.obj
                0x000000001000261c                ph_remove_head
 .text.ph_remove_and_free_node
                0x0000000010002630       0xf8 CMakeFiles/misterpico.dir/home/wormley/shared/git/pico/pico-sdk/src/common/pico_util/pheap.c.obj
                0x0000000010002630                ph_remove_and_free_node
 .text.mutex_init
                0x0000000010002728       0x1a CMakeFiles/misterpico.dir/home/wormley/shared/git/pico/pico-sdk/src/common/pico_sync/mutex.c.obj
                0x0000000010002728                mutex_init
 .text.recursive_mutex_init
                0x0000000010002742       0x1e CMakeFiles/misterpico.dir/home/wormley/shared/git/pico/pico-sdk/src/common/pico_sync/mutex.c.obj
                0x0000000010002742                recursive_mutex_init
 .text.critical_section_init_with_lock_num
                0x0000000010002760       0x14 CMakeFiles/misterpico.dir/home/wormley/shared/git/pico/pico-sdk/src/common/pico_sync/critical_section.c.obj
                0x0000000010002760                critical_section_init_with_lock_num
 .text.critical_section_init
                0x0000000010002774       0x14 CMakeFiles/misterpico.dir/home/wormley/shared/git/pico/pico-sdk/src/common/pico_sync/critical_section.c.obj
                0x0000000010002774                critical_section_init
 .text.gpio_set_function
                0x0000000010002788       0x30 CMakeFiles/misterpico.dir/home/wormley/shared/git/pico/pico-sdk/src/rp2_common/hardware_gpio/gpio.c.obj
                0x0000000010002788                gpio_set_function
 .text.gpio_set_pulls
                0x00000000100027b8       0x34 CMakeFiles/misterpico.dir/home/wormley/shared/git/pico/pico-sdk/src/rp2_common/hardware_gpio/gpio.c.obj
                0x00000000100027b8                gpio_set_pulls
 .text.gpio_set_input_enabled
                0x00000000100027ec       0x30 CMakeFiles/misterpico.dir/home/wormley/shared/git/pico/pico-sdk/src/rp2_common/hardware_gpio/gpio.c.obj
                0x00000000100027ec                gpio_set_input_enabled
 .text.gpio_init
                0x000000001000281c       0x16 CMakeFiles/misterpico.dir/home/wormley/shared/git/pico/pico-sdk/src/rp2_common/hardware_gpio/gpio.c.obj
                0x000000001000281c                gpio_init
 *fill*         0x0000000010002832        0x2 
 .text.uart_set_baudrate
                0x0000000010002834       0x5c CMakeFiles/misterpico.dir/home/wormley/shared/git/pico/pico-sdk/src/rp2_common/hardware_uart/uart.c.obj
                0x0000000010002834                uart_set_baudrate
 .text.uart_set_translate_crlf
                0x0000000010002890       0x28 CMakeFiles/misterpico.dir/home/wormley/shared/git/pico/pico-sdk/src/rp2_common/hardware_uart/uart.c.obj
                0x0000000010002890                uart_set_translate_crlf
 .text.uart_init
                0x00000000100028b8       0x80 CMakeFiles/misterpico.dir/home/wormley/shared/git/pico/pico-sdk/src/rp2_common/hardware_uart/uart.c.obj
                0x00000000100028b8                uart_init
 .text._exit    0x0000000010002938        0x4 CMakeFiles/misterpico.dir/home/wormley/shared/git/pico/pico-sdk/src/rp2_common/pico_runtime/runtime.c.obj
                0x0000000010002938                _exit
 .text._sbrk    0x000000001000293c       0x38 CMakeFiles/misterpico.dir/home/wormley/shared/git/pico/pico-sdk/src/rp2_common/pico_runtime/runtime.c.obj
                0x000000001000293c                _sbrk
 .text.exit     0x0000000010002974        0x6 CMakeFiles/misterpico.dir/home/wormley/shared/git/pico/pico-sdk/src/rp2_common/pico_runtime/runtime.c.obj
                0x0000000010002974                exit
 *fill*         0x000000001000297a        0x2 
 .text.__assert_func
                0x000000001000297c       0x3c CMakeFiles/misterpico.dir/home/wormley/shared/git/pico/pico-sdk/src/rp2_common/pico_runtime/runtime.c.obj
                0x000000001000297c                __assert_func
 .text.runtime_init
                0x00000000100029b8       0xf8 CMakeFiles/misterpico.dir/home/wormley/shared/git/pico/pico-sdk/src/rp2_common/pico_runtime/runtime.c.obj
                0x00000000100029b8                runtime_init
 .text.panic    0x0000000010002ab0       0x30 CMakeFiles/misterpico.dir/home/wormley/shared/git/pico/pico-sdk/src/rp2_common/pico_runtime/runtime.c.obj
                0x0000000010002ab0                panic
 .text.clock_configure
                0x0000000010002ae0      0x104 CMakeFiles/misterpico.dir/home/wormley/shared/git/pico/pico-sdk/src/rp2_common/hardware_clocks/clocks.c.obj
                0x0000000010002ae0                clock_configure
 .text.clocks_init
                0x0000000010002be4      0x100 CMakeFiles/misterpico.dir/home/wormley/shared/git/pico/pico-sdk/src/rp2_common/hardware_clocks/clocks.c.obj
                0x0000000010002be4                clocks_init
 .text.clock_get_hz
                0x0000000010002ce4        0xc CMakeFiles/misterpico.dir/home/wormley/shared/git/pico/pico-sdk/src/rp2_common/hardware_clocks/clocks.c.obj
                0x0000000010002ce4                clock_get_hz
 .text.pll_init
                0x0000000010002cf0      0x140 CMakeFiles/misterpico.dir/home/wormley/shared/git/pico/pico-sdk/src/rp2_common/hardware_pll/pll.c.obj
                0x0000000010002cf0                pll_init
 .text.watchdog_start_tick
                0x0000000010002e30       0x10 CMakeFiles/misterpico.dir/home/wormley/shared/git/pico/pico-sdk/src/rp2_common/hardware_watchdog/watchdog.c.obj
                0x0000000010002e30                watchdog_start_tick
 .text.watchdog_update
                0x0000000010002e40       0x14 CMakeFiles/misterpico.dir/home/wormley/shared/git/pico/pico-sdk/src/rp2_common/hardware_watchdog/watchdog.c.obj
                0x0000000010002e40                watchdog_update
 .text._watchdog_enable
                0x0000000010002e54       0x78 CMakeFiles/misterpico.dir/home/wormley/shared/git/pico/pico-sdk/src/rp2_common/hardware_watchdog/watchdog.c.obj
                0x0000000010002e54                _watchdog_enable
 .text.watchdog_reboot
                0x0000000010002ecc       0x48 CMakeFiles/misterpico.dir/home/wormley/shared/git/pico/pico-sdk/src/rp2_common/hardware_watchdog/watchdog.c.obj
                0x0000000010002ecc                watchdog_reboot
 .text.xosc_init
                0x0000000010002f14       0x28 CMakeFiles/misterpico.dir/home/wormley/shared/git/pico/pico-sdk/src/rp2_common/hardware_xosc/xosc.c.obj
                0x0000000010002f14                xosc_init
 .text._out_null
                0x0000000010002f3c        0x2 CMakeFiles/misterpico.dir/home/wormley/shared/git/pico/pico-sdk/src/rp2_common/pico_printf/printf.c.obj
 .text._out_fct
                0x0000000010002f3e        0xe CMakeFiles/misterpico.dir/home/wormley/shared/git/pico/pico-sdk/src/rp2_common/pico_printf/printf.c.obj
 .text._atoi    0x0000000010002f4c       0x24 CMakeFiles/misterpico.dir/home/wormley/shared/git/pico/pico-sdk/src/rp2_common/pico_printf/printf.c.obj
 .text._out_rev
                0x0000000010002f70       0xae CMakeFiles/misterpico.dir/home/wormley/shared/git/pico/pico-sdk/src/rp2_common/pico_printf/printf.c.obj
 .text._ntoa_format
                0x000000001000301e      0x112 CMakeFiles/misterpico.dir/home/wormley/shared/git/pico/pico-sdk/src/rp2_common/pico_printf/printf.c.obj
 .text._ntoa_long
                0x0000000010003130       0xbc CMakeFiles/misterpico.dir/home/wormley/shared/git/pico/pico-sdk/src/rp2_common/pico_printf/printf.c.obj
 .text._ntoa_long_long
                0x00000000100031ec       0xe2 CMakeFiles/misterpico.dir/home/wormley/shared/git/pico/pico-sdk/src/rp2_common/pico_printf/printf.c.obj
 *fill*         0x00000000100032ce        0x2 
 .text._etoa    0x00000000100032d0      0x414 CMakeFiles/misterpico.dir/home/wormley/shared/git/pico/pico-sdk/src/rp2_common/pico_printf/printf.c.obj
 .text._ftoa    0x00000000100036e4      0x354 CMakeFiles/misterpico.dir/home/wormley/shared/git/pico/pico-sdk/src/rp2_common/pico_printf/printf.c.obj
 .text._vsnprintf
                0x0000000010003a38      0x624 CMakeFiles/misterpico.dir/home/wormley/shared/git/pico/pico-sdk/src/rp2_common/pico_printf/printf.c.obj
 .text.vfctprintf
                0x000000001000405c       0x20 CMakeFiles/misterpico.dir/home/wormley/shared/git/pico/pico-sdk/src/rp2_common/pico_printf/printf.c.obj
                0x000000001000405c                vfctprintf
 .text          0x000000001000407c       0x10 CMakeFiles/misterpico.dir/home/wormley/shared/git/pico/pico-sdk/src/rp2_common/pico_bit_ops/bit_ops_aeabi.S.obj
 .text.rom_func_lookup
                0x000000001000408c       0x10 CMakeFiles/misterpico.dir/home/wormley/shared/git/pico/pico-sdk/src/rp2_common/pico_bootrom/bootrom.c.obj
                0x000000001000408c                rom_func_lookup
 .text.rom_data_lookup
                0x000000001000409c       0x10 CMakeFiles/misterpico.dir/home/wormley/shared/git/pico/pico-sdk/src/rp2_common/pico_bootrom/bootrom.c.obj
                0x000000001000409c                rom_data_lookup
 .text.rom_funcs_lookup
                0x00000000100040ac       0x36 CMakeFiles/misterpico.dir/home/wormley/shared/git/pico/pico-sdk/src/rp2_common/pico_bootrom/bootrom.c.obj
                0x00000000100040ac                rom_funcs_lookup
 *fill*         0x00000000100040e2        0x2 
 .text.__wrap___aeabi_idiv
                0x00000000100040e4       0x50 CMakeFiles/misterpico.dir/home/wormley/shared/git/pico/pico-sdk/src/rp2_common/pico_divider/divider.S.obj
                0x00000000100040e4                __wrap___aeabi_idivmod
                0x00000000100040e4                divmod_s32s32
                0x00000000100040e4                div_s32s32
                0x00000000100040e4                __wrap___aeabi_idiv
                0x00000000100040ec                divmod_s32s32_unsafe
                0x0000000010004118                divmod_s32s32_savestate
 .text.__wrap___aeabi_uidiv
                0x0000000010004134       0x4c CMakeFiles/misterpico.dir/home/wormley/shared/git/pico/pico-sdk/src/rp2_common/pico_divider/divider.S.obj
                0x0000000010004134                __wrap___aeabi_uidiv
                0x0000000010004134                __wrap___aeabi_uidivmod
                0x0000000010004134                div_u32u32
                0x0000000010004134                divmod_u32u32
                0x000000001000413c                divmod_u32u32_unsafe
                0x0000000010004164                divmod_u32u32_savestate
 .text.__wrap___aeabi_ldiv
                0x0000000010004180      0x434 CMakeFiles/misterpico.dir/home/wormley/shared/git/pico/pico-sdk/src/rp2_common/pico_divider/divider.S.obj
                0x0000000010004180                div_s64s64
                0x0000000010004180                divmod_s64s64
                0x0000000010004180                __wrap___aeabi_ldivmod
                0x00000000100041b8                div_u64u64
                0x00000000100041b8                divmod_u64u64
                0x00000000100041b8                __wrap___aeabi_uldivmod
                0x00000000100041c8                divmod_u64u64_savestate
                0x00000000100041f0                divmod_s64s64_unsafe
                0x0000000010004278                divmod_u64u64_unsafe
 .text.__wrap___aeabi_darithmetic
                0x00000000100045b4       0x80 CMakeFiles/misterpico.dir/home/wormley/shared/git/pico/pico-sdk/src/rp2_common/pico_double/double_aeabi.S.obj
                0x00000000100045b4                __wrap___aeabi_drsub
                0x00000000100045ba                __wrap___aeabi_dsub
                0x00000000100045cc                __wrap___aeabi_dadd
                0x00000000100045de                __wrap___aeabi_ddiv
                0x000000001000461a                __wrap___aeabi_dmul
 .text.__wrap___aeabi_cdcmple
                0x0000000010004634       0x6c CMakeFiles/misterpico.dir/home/wormley/shared/git/pico/pico-sdk/src/rp2_common/pico_double/double_aeabi.S.obj
                0x0000000010004634                __wrap___aeabi_cdrcmple
                0x0000000010004644                __wrap___aeabi_cdcmple
                0x0000000010004644                __wrap___aeabi_cdcmpeq
 .text.__wrap___aeabi_dcmpeq
                0x00000000100046a0       0x10 CMakeFiles/misterpico.dir/home/wormley/shared/git/pico/pico-sdk/src/rp2_common/pico_double/double_aeabi.S.obj
                0x00000000100046a0                __wrap___aeabi_dcmpeq
 .text.__wrap___aeabi_dcmplt
                0x00000000100046b0        0xc CMakeFiles/misterpico.dir/home/wormley/shared/git/pico/pico-sdk/src/rp2_common/pico_double/double_aeabi.S.obj
                0x00000000100046b0                __wrap___aeabi_dcmplt
 .text.__wrap___aeabi_dcmple
                0x00000000100046bc       0x10 CMakeFiles/misterpico.dir/home/wormley/shared/git/pico/pico-sdk/src/rp2_common/pico_double/double_aeabi.S.obj
                0x00000000100046bc                __wrap___aeabi_dcmple
 .text.__wrap___aeabi_dcmpge
                0x00000000100046cc       0x10 CMakeFiles/misterpico.dir/home/wormley/shared/git/pico/pico-sdk/src/rp2_common/pico_double/double_aeabi.S.obj
                0x00000000100046cc                __wrap___aeabi_dcmpge
 .text.__wrap___aeabi_dcmpgt
                0x00000000100046dc        0xa CMakeFiles/misterpico.dir/home/wormley/shared/git/pico/pico-sdk/src/rp2_common/pico_double/double_aeabi.S.obj
                0x00000000100046dc                __wrap___aeabi_dcmpgt
 .text.__wrap___aeabi_dcmpun
                0x00000000100046e6       0x1c CMakeFiles/misterpico.dir/home/wormley/shared/git/pico/pico-sdk/src/rp2_common/pico_double/double_aeabi.S.obj
                0x00000000100046e6                __wrap___aeabi_dcmpun
 *fill*         0x0000000010004702        0x2 
 .text.__wrap___aeabi_i2d
                0x0000000010004704       0x38 CMakeFiles/misterpico.dir/home/wormley/shared/git/pico/pico-sdk/src/rp2_common/pico_double/double_aeabi.S.obj
                0x0000000010004704                __wrap___aeabi_ui2d
                0x000000001000470c                __wrap___aeabi_i2d
 .text.__wrap___aeabi_d2iz
                0x000000001000473c       0x48 CMakeFiles/misterpico.dir/home/wormley/shared/git/pico/pico-sdk/src/rp2_common/pico_double/double_aeabi.S.obj
                0x000000001000473c                __wrap___aeabi_d2iz
                0x000000001000473c                double2int_z
 .text.__wrap___aeabi_d2uiz
                0x0000000010004784       0x18 CMakeFiles/misterpico.dir/home/wormley/shared/git/pico/pico-sdk/src/rp2_common/pico_double/double_aeabi.S.obj
                0x0000000010004784                double2uint
                0x0000000010004784                __wrap___aeabi_d2uiz
 .text.__aeabi_double_init
                0x000000001000479c       0xc8 CMakeFiles/misterpico.dir/home/wormley/shared/git/pico/pico-sdk/src/rp2_common/pico_double/double_init_rom.c.obj
                0x000000001000479c                __aeabi_double_init
 .text.double_table_shim_on_use_helper
                0x0000000010004864       0x34 CMakeFiles/misterpico.dir/home/wormley/shared/git/pico/pico-sdk/src/rp2_common/pico_double/double_v1_rom_shim.S.obj
                0x0000000010004864                double_table_shim_on_use_helper
 .text.__wrap___aeabi_dsub
                0x0000000010004898       0x10 CMakeFiles/misterpico.dir/home/wormley/shared/git/pico/pico-sdk/src/rp2_common/pico_double/double_v1_rom_shim.S.obj
                0x0000000010004898                drsub_shim
                0x000000001000489e                dsub_shim
 .text.dadd_shim
                0x00000000100048a8      0x15c CMakeFiles/misterpico.dir/home/wormley/shared/git/pico/pico-sdk/src/rp2_common/pico_double/double_v1_rom_shim.S.obj
                0x00000000100048a8                dadd_shim
 .text.dmul_shim
                0x0000000010004a04      0x15c CMakeFiles/misterpico.dir/home/wormley/shared/git/pico/pico-sdk/src/rp2_common/pico_double/double_v1_rom_shim.S.obj
                0x0000000010004a04                dmul_shim
 .text.ddiv_shim
                0x0000000010004b60      0x1b0 CMakeFiles/misterpico.dir/home/wormley/shared/git/pico/pico-sdk/src/rp2_common/pico_double/double_v1_rom_shim.S.obj
                0x0000000010004b60                ddiv_shim
 .text.double2uint_shim
                0x0000000010004d10        0xe CMakeFiles/misterpico.dir/home/wormley/shared/git/pico/pico-sdk/src/rp2_common/pico_double/double_v1_rom_shim.S.obj
                0x0000000010004d10                double2uint_shim
                0x0000000010004d12                double2ufix_shim
 *fill*         0x0000000010004d1e        0x2 
 .text.double2uint64_shim
                0x0000000010004d20       0x70 CMakeFiles/misterpico.dir/home/wormley/shared/git/pico/pico-sdk/src/rp2_common/pico_double/double_v1_rom_shim.S.obj
                0x0000000010004d20                double2uint64_shim
                0x0000000010004d22                double2ufix64_shim
                0x0000000010004d42                d2fix_a
 .text.dunpacks
                0x0000000010004d90       0x3c CMakeFiles/misterpico.dir/home/wormley/shared/git/pico/pico-sdk/src/rp2_common/pico_double/double_v1_rom_shim.S.obj
                0x0000000010004d90                dunpacks
 .text.__aeabi_lmul
                0x0000000010004dcc       0x32 CMakeFiles/misterpico.dir/home/wormley/shared/git/pico/pico-sdk/src/rp2_common/pico_int64_ops/pico_int64_ops_aeabi.S.obj
                0x0000000010004dcc                __wrap___aeabi_lmul
 *fill*         0x0000000010004dfe        0x2 
 .text.__wrap___aeabi_farithmetic
                0x0000000010004e00       0x58 CMakeFiles/misterpico.dir/home/wormley/shared/git/pico/pico-sdk/src/rp2_common/pico_float/float_aeabi.S.obj
                0x0000000010004e00                __wrap___aeabi_frsub
                0x0000000010004e06                __wrap___aeabi_fsub
                0x0000000010004e10                __wrap___aeabi_fadd
                0x0000000010004e1a                __wrap___aeabi_fdiv
                0x0000000010004e46                __wrap___aeabi_fmul
 .text.__wrap___aeabi_i2f
                0x0000000010004e58       0x44 CMakeFiles/misterpico.dir/home/wormley/shared/git/pico/pico-sdk/src/rp2_common/pico_float/float_aeabi.S.obj
                0x0000000010004e58                __wrap___aeabi_i2f
 .text.__wrap___aeabi_f2d
                0x0000000010004e9c       0x14 CMakeFiles/misterpico.dir/home/wormley/shared/git/pico/pico-sdk/src/rp2_common/pico_float/float_aeabi.S.obj
                0x0000000010004e9c                __wrap___aeabi_f2d
 .text.__aeabi_float_init
                0x0000000010004eb0       0xfc CMakeFiles/misterpico.dir/home/wormley/shared/git/pico/pico-sdk/src/rp2_common/pico_float/float_init_rom.c.obj
                0x0000000010004eb0                __aeabi_float_init
 .text.float_table_shim_on_use_helper
                0x0000000010004fac       0x34 CMakeFiles/misterpico.dir/home/wormley/shared/git/pico/pico-sdk/src/rp2_common/pico_float/float_v1_rom_shim.S.obj
                0x0000000010004fac                float_table_shim_on_use_helper
 .text.float2double_shim
                0x0000000010004fe0       0x30 CMakeFiles/misterpico.dir/home/wormley/shared/git/pico/pico-sdk/src/rp2_common/pico_float/float_v1_rom_shim.S.obj
                0x0000000010004fe0                float2double_shim
 .text          0x0000000010005010       0x10 CMakeFiles/misterpico.dir/home/wormley/shared/git/pico/pico-sdk/src/rp2_common/pico_mem_ops/mem_ops_aeabi.S.obj
                0x0000000010005010                __aeabi_mem_init
 .text.memset   0x0000000010005020        0xc CMakeFiles/misterpico.dir/home/wormley/shared/git/pico/pico-sdk/src/rp2_common/pico_mem_ops/mem_ops_aeabi.S.obj
                0x0000000010005020                __wrap_memset
 .text.memcpy   0x000000001000502c        0xc CMakeFiles/misterpico.dir/home/wormley/shared/git/pico/pico-sdk/src/rp2_common/pico_mem_ops/mem_ops_aeabi.S.obj
                0x000000001000502c                __wrap___aeabi_memcpy
                0x000000001000502c                __wrap_memcpy
 .text.stdio_out_chars_no_crlf
                0x0000000010005038        0xe CMakeFiles/misterpico.dir/home/wormley/shared/git/pico/pico-sdk/src/rp2_common/pico_stdio/stdio.c.obj
 *fill*         0x0000000010005046        0x2 
 .text.stdio_out_chars_crlf
                0x0000000010005048       0x80 CMakeFiles/misterpico.dir/home/wormley/shared/git/pico/pico-sdk/src/rp2_common/pico_stdio/stdio.c.obj
 .text.stdio_stack_buffer_flush
                0x00000000100050c8       0x44 CMakeFiles/misterpico.dir/home/wormley/shared/git/pico/pico-sdk/src/rp2_common/pico_stdio/stdio.c.obj
 .text.stdio_buffered_printer
                0x000000001000510c       0x20 CMakeFiles/misterpico.dir/home/wormley/shared/git/pico/pico-sdk/src/rp2_common/pico_stdio/stdio.c.obj
 .text.stdio_get_until
                0x000000001000512c       0x80 CMakeFiles/misterpico.dir/home/wormley/shared/git/pico/pico-sdk/src/rp2_common/pico_stdio/stdio.c.obj
 .text.stdout_serialize_begin
                0x00000000100051ac       0x30 CMakeFiles/misterpico.dir/home/wormley/shared/git/pico/pico-sdk/src/rp2_common/pico_stdio/stdio.c.obj
                0x00000000100051ac                stdout_serialize_begin
 .text.stdout_serialize_end
                0x00000000100051dc       0x10 CMakeFiles/misterpico.dir/home/wormley/shared/git/pico/pico-sdk/src/rp2_common/pico_stdio/stdio.c.obj
                0x00000000100051dc                stdout_serialize_end
 .text.stdio_put_string
                0x00000000100051ec       0x98 CMakeFiles/misterpico.dir/home/wormley/shared/git/pico/pico-sdk/src/rp2_common/pico_stdio/stdio.c.obj
 .text.__wrap_putchar
                0x0000000010005284       0x1c CMakeFiles/misterpico.dir/home/wormley/shared/git/pico/pico-sdk/src/rp2_common/pico_stdio/stdio.c.obj
                0x0000000010005284                __wrap_putchar
 .text._read    0x00000000100052a0       0x24 CMakeFiles/misterpico.dir/home/wormley/shared/git/pico/pico-sdk/src/rp2_common/pico_stdio/stdio.c.obj
                0x00000000100052a0                _read
 .text._write   0x00000000100052c4       0x22 CMakeFiles/misterpico.dir/home/wormley/shared/git/pico/pico-sdk/src/rp2_common/pico_stdio/stdio.c.obj
                0x00000000100052c4                _write
 *fill*         0x00000000100052e6        0x2 
 .text.stdio_set_driver_enabled
                0x00000000100052e8       0x2c CMakeFiles/misterpico.dir/home/wormley/shared/git/pico/pico-sdk/src/rp2_common/pico_stdio/stdio.c.obj
                0x00000000100052e8                stdio_set_driver_enabled
 .text.stdio_flush
                0x0000000010005314       0x20 CMakeFiles/misterpico.dir/home/wormley/shared/git/pico/pico-sdk/src/rp2_common/pico_stdio/stdio.c.obj
                0x0000000010005314                stdio_flush
 .text.__wrap_puts
                0x0000000010005334       0x1e CMakeFiles/misterpico.dir/home/wormley/shared/git/pico/pico-sdk/src/rp2_common/pico_stdio/stdio.c.obj
                0x0000000010005334                __wrap_puts
 *fill*         0x0000000010005352        0x2 
 .text.__wrap_vprintf
                0x0000000010005354       0x44 CMakeFiles/misterpico.dir/home/wormley/shared/git/pico/pico-sdk/src/rp2_common/pico_stdio/stdio.c.obj
                0x0000000010005354                __wrap_vprintf
 .text.__wrap_printf
                0x0000000010005398       0x18 CMakeFiles/misterpico.dir/home/wormley/shared/git/pico/pico-sdk/src/rp2_common/pico_stdio/stdio.c.obj
                0x0000000010005398                __wrap_printf
 .text.stdio_init_all
                0x00000000100053b0        0xc CMakeFiles/misterpico.dir/home/wormley/shared/git/pico/pico-sdk/src/rp2_common/pico_stdio/stdio.c.obj
                0x00000000100053b0                stdio_init_all
 .text.getchar_timeout_us
                0x00000000100053bc       0x80 CMakeFiles/misterpico.dir/home/wormley/shared/git/pico/pico-sdk/src/rp2_common/pico_stdio/stdio.c.obj
                0x00000000100053bc                getchar_timeout_us
 .text.stdio_set_translate_crlf
                0x000000001000543c       0x10 CMakeFiles/misterpico.dir/home/wormley/shared/git/pico/pico-sdk/src/rp2_common/pico_stdio/stdio.c.obj
                0x000000001000543c                stdio_set_translate_crlf
 .text.stdio_uart_out_chars
                0x000000001000544c       0x74 CMakeFiles/misterpico.dir/home/wormley/shared/git/pico/pico-sdk/src/rp2_common/pico_stdio_uart/stdio_uart.c.obj
 .text.stdio_uart_in_chars
                0x00000000100054c0       0x58 CMakeFiles/misterpico.dir/home/wormley/shared/git/pico/pico-sdk/src/rp2_common/pico_stdio_uart/stdio_uart.c.obj
                0x00000000100054c0                stdio_uart_in_chars
 .text.stdio_uart_init_full
                0x0000000010005518       0x3c CMakeFiles/misterpico.dir/home/wormley/shared/git/pico/pico-sdk/src/rp2_common/pico_stdio_uart/stdio_uart.c.obj
                0x0000000010005518                stdio_uart_init_full
 .text.stdio_uart_init
                0x0000000010005554       0x28 CMakeFiles/misterpico.dir/home/wormley/shared/git/pico/pico-sdk/src/rp2_common/pico_stdio_uart/stdio_uart.c.obj
                0x0000000010005554                stdio_uart_init
 .text.resetd_init
                0x000000001000557c        0x2 CMakeFiles/misterpico.dir/home/wormley/shared/git/pico/pico-sdk/src/rp2_common/pico_stdio_usb/reset_interface.c.obj
 *fill*         0x000000001000557e        0x2 
 .text.resetd_reset
                0x0000000010005580        0xc CMakeFiles/misterpico.dir/home/wormley/shared/git/pico/pico-sdk/src/rp2_common/pico_stdio_usb/reset_interface.c.obj
 .text.resetd_open
                0x000000001000558c       0x34 CMakeFiles/misterpico.dir/home/wormley/shared/git/pico/pico-sdk/src/rp2_common/pico_stdio_usb/reset_interface.c.obj
 .text.resetd_xfer_cb
                0x00000000100055c0        0x4 CMakeFiles/misterpico.dir/home/wormley/shared/git/pico/pico-sdk/src/rp2_common/pico_stdio_usb/reset_interface.c.obj
 .text.reset_usb_boot
                0x00000000100055c4       0x18 CMakeFiles/misterpico.dir/home/wormley/shared/git/pico/pico-sdk/src/rp2_common/pico_stdio_usb/reset_interface.c.obj
 .text.resetd_control_xfer_cb
                0x00000000100055dc       0x5c CMakeFiles/misterpico.dir/home/wormley/shared/git/pico/pico-sdk/src/rp2_common/pico_stdio_usb/reset_interface.c.obj
 .text.usbd_app_driver_get_cb
                0x0000000010005638        0xc CMakeFiles/misterpico.dir/home/wormley/shared/git/pico/pico-sdk/src/rp2_common/pico_stdio_usb/reset_interface.c.obj
                0x0000000010005638                usbd_app_driver_get_cb
 .text.tud_cdc_line_coding_cb
                0x0000000010005644       0x28 CMakeFiles/misterpico.dir/home/wormley/shared/git/pico/pico-sdk/src/rp2_common/pico_stdio_usb/reset_interface.c.obj
                0x0000000010005644                tud_cdc_line_coding_cb
 .text.stdio_usb_in_chars
                0x000000001000566c       0x70 CMakeFiles/misterpico.dir/home/wormley/shared/git/pico/pico-sdk/src/rp2_common/pico_stdio_usb/stdio_usb.c.obj
                0x000000001000566c                stdio_usb_in_chars
 .text.low_priority_worker_irq
                0x00000000100056dc       0x20 CMakeFiles/misterpico.dir/home/wormley/shared/git/pico/pico-sdk/src/rp2_common/pico_stdio_usb/stdio_usb.c.obj
 .text.stdio_usb_out_chars
                0x00000000100056fc       0xd4 CMakeFiles/misterpico.dir/home/wormley/shared/git/pico/pico-sdk/src/rp2_common/pico_stdio_usb/stdio_usb.c.obj
 .text.timer_task
                0x00000000100057d0       0x40 CMakeFiles/misterpico.dir/home/wormley/shared/git/pico/pico-sdk/src/rp2_common/pico_stdio_usb/stdio_usb.c.obj
 .text.usb_irq  0x0000000010005810       0x10 CMakeFiles/misterpico.dir/home/wormley/shared/git/pico/pico-sdk/src/rp2_common/pico_stdio_usb/stdio_usb.c.obj
 .text.stdio_usb_init
                0x0000000010005820       0xec CMakeFiles/misterpico.dir/home/wormley/shared/git/pico/pico-sdk/src/rp2_common/pico_stdio_usb/stdio_usb.c.obj
                0x0000000010005820                stdio_usb_init
 .text.tud_descriptor_device_cb
                0x000000001000590c        0x8 CMakeFiles/misterpico.dir/home/wormley/shared/git/pico/pico-sdk/src/rp2_common/pico_stdio_usb/stdio_usb_descriptors.c.obj
                0x000000001000590c                tud_descriptor_device_cb
 .text.tud_descriptor_configuration_cb
                0x0000000010005914        0x8 CMakeFiles/misterpico.dir/home/wormley/shared/git/pico/pico-sdk/src/rp2_common/pico_stdio_usb/stdio_usb_descriptors.c.obj
                0x0000000010005914                tud_descriptor_configuration_cb
 .text.tud_descriptor_string_cb
                0x000000001000591c       0x6c CMakeFiles/misterpico.dir/home/wormley/shared/git/pico/pico-sdk/src/rp2_common/pico_stdio_usb/stdio_usb_descriptors.c.obj
                0x000000001000591c                tud_descriptor_string_cb
 .text.hw_endpoint_get_by_addr
                0x0000000010005988       0x18 CMakeFiles/misterpico.dir/home/wormley/shared/git/pico/pico-sdk/lib/tinyusb/src/portable/raspberrypi/rp2040/dcd_rp2040.c.obj
 .text.reset_ep0_pid
                0x00000000100059a0       0x28 CMakeFiles/misterpico.dir/home/wormley/shared/git/pico/pico-sdk/lib/tinyusb/src/portable/raspberrypi/rp2040/dcd_rp2040.c.obj
 .text._hw_endpoint_alloc
                0x00000000100059c8       0x70 CMakeFiles/misterpico.dir/home/wormley/shared/git/pico/pico-sdk/lib/tinyusb/src/portable/raspberrypi/rp2040/dcd_rp2040.c.obj
 .text.hw_endpoint_init
                0x0000000010005a38       0x88 CMakeFiles/misterpico.dir/home/wormley/shared/git/pico/pico-sdk/lib/tinyusb/src/portable/raspberrypi/rp2040/dcd_rp2040.c.obj
 .text.reset_non_control_endpoints
                0x0000000010005ac0       0x40 CMakeFiles/misterpico.dir/home/wormley/shared/git/pico/pico-sdk/lib/tinyusb/src/portable/raspberrypi/rp2040/dcd_rp2040.c.obj
 .text.hw_handle_buff_status
                0x0000000010005b00       0x8c CMakeFiles/misterpico.dir/home/wormley/shared/git/pico/pico-sdk/lib/tinyusb/src/portable/raspberrypi/rp2040/dcd_rp2040.c.obj
 .text.dcd_rp2040_irq
                0x0000000010005b8c       0xc0 CMakeFiles/misterpico.dir/home/wormley/shared/git/pico/pico-sdk/lib/tinyusb/src/portable/raspberrypi/rp2040/dcd_rp2040.c.obj
 .text.hw_endpoint_xfer
                0x0000000010005c4c       0x14 CMakeFiles/misterpico.dir/home/wormley/shared/git/pico/pico-sdk/lib/tinyusb/src/portable/raspberrypi/rp2040/dcd_rp2040.c.obj
 .text.dcd_int_enable
                0x0000000010005c60       0x2c CMakeFiles/misterpico.dir/home/wormley/shared/git/pico/pico-sdk/lib/tinyusb/src/portable/raspberrypi/rp2040/dcd_rp2040.c.obj
                0x0000000010005c60                dcd_int_enable
 .text.dcd_set_address
                0x0000000010005c8c       0x2c CMakeFiles/misterpico.dir/home/wormley/shared/git/pico/pico-sdk/lib/tinyusb/src/portable/raspberrypi/rp2040/dcd_rp2040.c.obj
                0x0000000010005c8c                dcd_set_address
 .text.dcd_connect
                0x0000000010005cb8       0x10 CMakeFiles/misterpico.dir/home/wormley/shared/git/pico/pico-sdk/lib/tinyusb/src/portable/raspberrypi/rp2040/dcd_rp2040.c.obj
                0x0000000010005cb8                dcd_connect
 .text.dcd_init
                0x0000000010005cc8       0x7c CMakeFiles/misterpico.dir/home/wormley/shared/git/pico/pico-sdk/lib/tinyusb/src/portable/raspberrypi/rp2040/dcd_rp2040.c.obj
                0x0000000010005cc8                dcd_init
 .text.dcd_edpt0_status_complete
                0x0000000010005d44       0x1c CMakeFiles/misterpico.dir/home/wormley/shared/git/pico/pico-sdk/lib/tinyusb/src/portable/raspberrypi/rp2040/dcd_rp2040.c.obj
                0x0000000010005d44                dcd_edpt0_status_complete
 .text.dcd_edpt_open
                0x0000000010005d60       0x40 CMakeFiles/misterpico.dir/home/wormley/shared/git/pico/pico-sdk/lib/tinyusb/src/portable/raspberrypi/rp2040/dcd_rp2040.c.obj
                0x0000000010005d60                dcd_edpt_open
 .text.dcd_edpt_close_all
                0x0000000010005da0        0x8 CMakeFiles/misterpico.dir/home/wormley/shared/git/pico/pico-sdk/lib/tinyusb/src/portable/raspberrypi/rp2040/dcd_rp2040.c.obj
                0x0000000010005da0                dcd_edpt_close_all
 .text.dcd_edpt_xfer
                0x0000000010005da8       0x30 CMakeFiles/misterpico.dir/home/wormley/shared/git/pico/pico-sdk/lib/tinyusb/src/portable/raspberrypi/rp2040/dcd_rp2040.c.obj
                0x0000000010005da8                dcd_edpt_xfer
 .text.dcd_edpt_stall
                0x0000000010005dd8       0x2c CMakeFiles/misterpico.dir/home/wormley/shared/git/pico/pico-sdk/lib/tinyusb/src/portable/raspberrypi/rp2040/dcd_rp2040.c.obj
                0x0000000010005dd8                dcd_edpt_stall
 .text.dcd_edpt_clear_stall
                0x0000000010005e04       0x20 CMakeFiles/misterpico.dir/home/wormley/shared/git/pico/pico-sdk/lib/tinyusb/src/portable/raspberrypi/rp2040/dcd_rp2040.c.obj
                0x0000000010005e04                dcd_edpt_clear_stall
 .text.prepare_ep_buffer
                0x0000000010005e24       0x70 CMakeFiles/misterpico.dir/home/wormley/shared/git/pico/pico-sdk/lib/tinyusb/src/portable/raspberrypi/rp2040/rp2040_usb.c.obj
 .text.sync_ep_buffer
                0x0000000010005e94       0x7c CMakeFiles/misterpico.dir/home/wormley/shared/git/pico/pico-sdk/lib/tinyusb/src/portable/raspberrypi/rp2040/rp2040_usb.c.obj
 .text._hw_endpoint_xfer_sync
                0x0000000010005f10       0x28 CMakeFiles/misterpico.dir/home/wormley/shared/git/pico/pico-sdk/lib/tinyusb/src/portable/raspberrypi/rp2040/rp2040_usb.c.obj
 .text.rp2040_usb_init
                0x0000000010005f38       0x4c CMakeFiles/misterpico.dir/home/wormley/shared/git/pico/pico-sdk/lib/tinyusb/src/portable/raspberrypi/rp2040/rp2040_usb.c.obj
                0x0000000010005f38                rp2040_usb_init
 .text.hw_endpoint_reset_transfer
                0x0000000010005f84        0xc CMakeFiles/misterpico.dir/home/wormley/shared/git/pico/pico-sdk/lib/tinyusb/src/portable/raspberrypi/rp2040/rp2040_usb.c.obj
                0x0000000010005f84                hw_endpoint_reset_transfer
 .text._hw_endpoint_buffer_control_update32
                0x0000000010005f90       0x58 CMakeFiles/misterpico.dir/home/wormley/shared/git/pico/pico-sdk/lib/tinyusb/src/portable/raspberrypi/rp2040/rp2040_usb.c.obj
                0x0000000010005f90                _hw_endpoint_buffer_control_update32
 .text._hw_endpoint_start_next_buffer
                0x0000000010005fe8       0x74 CMakeFiles/misterpico.dir/home/wormley/shared/git/pico/pico-sdk/lib/tinyusb/src/portable/raspberrypi/rp2040/rp2040_usb.c.obj
 .text.hw_endpoint_xfer_start
                0x000000001000605c       0x48 CMakeFiles/misterpico.dir/home/wormley/shared/git/pico/pico-sdk/lib/tinyusb/src/portable/raspberrypi/rp2040/rp2040_usb.c.obj
                0x000000001000605c                hw_endpoint_xfer_start
 .text.hw_endpoint_xfer_continue
                0x00000000100060a4       0x38 CMakeFiles/misterpico.dir/home/wormley/shared/git/pico/pico-sdk/lib/tinyusb/src/portable/raspberrypi/rp2040/rp2040_usb.c.obj
                0x00000000100060a4                hw_endpoint_xfer_continue
 .text.configuration_reset
                0x00000000100060dc       0x84 CMakeFiles/misterpico.dir/home/wormley/shared/git/pico/pico-sdk/lib/tinyusb/src/device/usbd.c.obj
 .text.usbd_reset
                0x0000000010006160        0xc CMakeFiles/misterpico.dir/home/wormley/shared/git/pico/pico-sdk/lib/tinyusb/src/device/usbd.c.obj
 .text.invoke_class_control
                0x000000001000616c       0x1a CMakeFiles/misterpico.dir/home/wormley/shared/git/pico/pico-sdk/lib/tinyusb/src/device/usbd.c.obj
 *fill*         0x0000000010006186        0x2 
 .text.process_set_config
                0x0000000010006188      0x1b0 CMakeFiles/misterpico.dir/home/wormley/shared/git/pico/pico-sdk/lib/tinyusb/src/device/usbd.c.obj
 .text.process_get_descriptor
                0x0000000010006338       0xec CMakeFiles/misterpico.dir/home/wormley/shared/git/pico/pico-sdk/lib/tinyusb/src/device/usbd.c.obj
 .text.tud_mounted
                0x0000000010006424       0x10 CMakeFiles/misterpico.dir/home/wormley/shared/git/pico/pico-sdk/lib/tinyusb/src/device/usbd.c.obj
                0x0000000010006424                tud_mounted
 .text.tud_suspended
                0x0000000010006434       0x10 CMakeFiles/misterpico.dir/home/wormley/shared/git/pico/pico-sdk/lib/tinyusb/src/device/usbd.c.obj
                0x0000000010006434                tud_suspended
 .text.tud_inited
                0x0000000010006444        0xc CMakeFiles/misterpico.dir/home/wormley/shared/git/pico/pico-sdk/lib/tinyusb/src/device/usbd.c.obj
                0x0000000010006444                tud_inited
 .text.tud_init
                0x0000000010006450       0xcc CMakeFiles/misterpico.dir/home/wormley/shared/git/pico/pico-sdk/lib/tinyusb/src/device/usbd.c.obj
                0x0000000010006450                tud_init
 .text.dcd_event_handler
                0x000000001000651c      0x1e0 CMakeFiles/misterpico.dir/home/wormley/shared/git/pico/pico-sdk/lib/tinyusb/src/device/usbd.c.obj
                0x000000001000651c                dcd_event_handler
 .text.dcd_event_bus_signal
                0x00000000100066fc       0x26 CMakeFiles/misterpico.dir/home/wormley/shared/git/pico/pico-sdk/lib/tinyusb/src/device/usbd.c.obj
                0x00000000100066fc                dcd_event_bus_signal
 .text.dcd_event_bus_reset
                0x0000000010006722       0x2a CMakeFiles/misterpico.dir/home/wormley/shared/git/pico/pico-sdk/lib/tinyusb/src/device/usbd.c.obj
                0x0000000010006722                dcd_event_bus_reset
 .text.dcd_event_setup_received
                0x000000001000674c       0x34 CMakeFiles/misterpico.dir/home/wormley/shared/git/pico/pico-sdk/lib/tinyusb/src/device/usbd.c.obj
                0x000000001000674c                dcd_event_setup_received
 .text.dcd_event_xfer_complete
                0x0000000010006780       0x44 CMakeFiles/misterpico.dir/home/wormley/shared/git/pico/pico-sdk/lib/tinyusb/src/device/usbd.c.obj
                0x0000000010006780                dcd_event_xfer_complete
 .text.usbd_edpt_open
                0x00000000100067c4       0x58 CMakeFiles/misterpico.dir/home/wormley/shared/git/pico/pico-sdk/lib/tinyusb/src/device/usbd.c.obj
                0x00000000100067c4                usbd_edpt_open
 .text.usbd_open_edpt_pair
                0x000000001000681c       0x8c CMakeFiles/misterpico.dir/home/wormley/shared/git/pico/pico-sdk/lib/tinyusb/src/device/usbd.c.obj
                0x000000001000681c                usbd_open_edpt_pair
 .text.usbd_edpt_claim
                0x00000000100068a8       0x8c CMakeFiles/misterpico.dir/home/wormley/shared/git/pico/pico-sdk/lib/tinyusb/src/device/usbd.c.obj
                0x00000000100068a8                usbd_edpt_claim
 .text.usbd_edpt_release
                0x0000000010006934       0x68 CMakeFiles/misterpico.dir/home/wormley/shared/git/pico/pico-sdk/lib/tinyusb/src/device/usbd.c.obj
                0x0000000010006934                usbd_edpt_release
 .text.usbd_edpt_xfer
                0x000000001000699c       0x80 CMakeFiles/misterpico.dir/home/wormley/shared/git/pico/pico-sdk/lib/tinyusb/src/device/usbd.c.obj
                0x000000001000699c                usbd_edpt_xfer
 .text.usbd_edpt_stall
                0x0000000010006a1c       0x40 CMakeFiles/misterpico.dir/home/wormley/shared/git/pico/pico-sdk/lib/tinyusb/src/device/usbd.c.obj
                0x0000000010006a1c                usbd_edpt_stall
 .text.usbd_edpt_clear_stall
                0x0000000010006a5c       0x40 CMakeFiles/misterpico.dir/home/wormley/shared/git/pico/pico-sdk/lib/tinyusb/src/device/usbd.c.obj
                0x0000000010006a5c                usbd_edpt_clear_stall
 .text.usbd_edpt_stalled
                0x0000000010006a9c       0x1c CMakeFiles/misterpico.dir/home/wormley/shared/git/pico/pico-sdk/lib/tinyusb/src/device/usbd.c.obj
                0x0000000010006a9c                usbd_edpt_stalled
 .text.process_control_request
                0x0000000010006ab8      0x3b8 CMakeFiles/misterpico.dir/home/wormley/shared/git/pico/pico-sdk/lib/tinyusb/src/device/usbd.c.obj
 .text.tud_task
                0x0000000010006e70      0x218 CMakeFiles/misterpico.dir/home/wormley/shared/git/pico/pico-sdk/lib/tinyusb/src/device/usbd.c.obj
                0x0000000010006e70                tud_task
 .text._data_stage_xact
                0x0000000010007088       0x58 CMakeFiles/misterpico.dir/home/wormley/shared/git/pico/pico-sdk/lib/tinyusb/src/device/usbd_control.c.obj
 .text.tud_control_status
                0x00000000100070e0       0x38 CMakeFiles/misterpico.dir/home/wormley/shared/git/pico/pico-sdk/lib/tinyusb/src/device/usbd_control.c.obj
                0x00000000100070e0                tud_control_status
 .text.tud_control_xfer
                0x0000000010007118       0xa8 CMakeFiles/misterpico.dir/home/wormley/shared/git/pico/pico-sdk/lib/tinyusb/src/device/usbd_control.c.obj
                0x0000000010007118                tud_control_xfer
 .text.usbd_control_reset
                0x00000000100071c0       0x14 CMakeFiles/misterpico.dir/home/wormley/shared/git/pico/pico-sdk/lib/tinyusb/src/device/usbd_control.c.obj
                0x00000000100071c0                usbd_control_reset
 .text.usbd_control_set_complete_callback
                0x00000000100071d4        0xc CMakeFiles/misterpico.dir/home/wormley/shared/git/pico/pico-sdk/lib/tinyusb/src/device/usbd_control.c.obj
                0x00000000100071d4                usbd_control_set_complete_callback
 .text.usbd_control_set_request
                0x00000000100071e0       0x1c CMakeFiles/misterpico.dir/home/wormley/shared/git/pico/pico-sdk/lib/tinyusb/src/device/usbd_control.c.obj
                0x00000000100071e0                usbd_control_set_request
 .text.usbd_control_xfer_cb
                0x00000000100071fc       0xfc CMakeFiles/misterpico.dir/home/wormley/shared/git/pico/pico-sdk/lib/tinyusb/src/device/usbd_control.c.obj
                0x00000000100071fc                usbd_control_xfer_cb
 .text._prep_out_transaction
                0x00000000100072f8       0x46 CMakeFiles/misterpico.dir/home/wormley/shared/git/pico/pico-sdk/lib/tinyusb/src/class/cdc/cdc_device.c.obj
 *fill*         0x000000001000733e        0x2 
 .text.tud_cdc_n_connected
                0x0000000010007340       0x44 CMakeFiles/misterpico.dir/home/wormley/shared/git/pico/pico-sdk/lib/tinyusb/src/class/cdc/cdc_device.c.obj
                0x0000000010007340                tud_cdc_n_connected
 .text.tud_cdc_n_available
                0x0000000010007384       0x18 CMakeFiles/misterpico.dir/home/wormley/shared/git/pico/pico-sdk/lib/tinyusb/src/class/cdc/cdc_device.c.obj
                0x0000000010007384                tud_cdc_n_available
 .text.tud_cdc_n_read
                0x000000001000739c       0x28 CMakeFiles/misterpico.dir/home/wormley/shared/git/pico/pico-sdk/lib/tinyusb/src/class/cdc/cdc_device.c.obj
                0x000000001000739c                tud_cdc_n_read
 .text.tud_cdc_n_write_flush
                0x00000000100073c4       0xcc CMakeFiles/misterpico.dir/home/wormley/shared/git/pico/pico-sdk/lib/tinyusb/src/class/cdc/cdc_device.c.obj
                0x00000000100073c4                tud_cdc_n_write_flush
 .text.tud_cdc_n_write
                0x0000000010007490       0x38 CMakeFiles/misterpico.dir/home/wormley/shared/git/pico/pico-sdk/lib/tinyusb/src/class/cdc/cdc_device.c.obj
                0x0000000010007490                tud_cdc_n_write
 .text.tud_cdc_n_write_available
                0x00000000100074c8       0x1c CMakeFiles/misterpico.dir/home/wormley/shared/git/pico/pico-sdk/lib/tinyusb/src/class/cdc/cdc_device.c.obj
                0x00000000100074c8                tud_cdc_n_write_available
 .text.cdcd_init
                0x00000000100074e4       0xbc CMakeFiles/misterpico.dir/home/wormley/shared/git/pico/pico-sdk/lib/tinyusb/src/class/cdc/cdc_device.c.obj
                0x00000000100074e4                cdcd_init
 .text.cdcd_reset
                0x00000000100075a0       0x44 CMakeFiles/misterpico.dir/home/wormley/shared/git/pico/pico-sdk/lib/tinyusb/src/class/cdc/cdc_device.c.obj
                0x00000000100075a0                cdcd_reset
 .text.cdcd_open
                0x00000000100075e4       0xf8 CMakeFiles/misterpico.dir/home/wormley/shared/git/pico/pico-sdk/lib/tinyusb/src/class/cdc/cdc_device.c.obj
                0x00000000100075e4                cdcd_open
 .text.cdcd_control_xfer_cb
                0x00000000100076dc      0x134 CMakeFiles/misterpico.dir/home/wormley/shared/git/pico/pico-sdk/lib/tinyusb/src/class/cdc/cdc_device.c.obj
                0x00000000100076dc                cdcd_control_xfer_cb
 .text.cdcd_xfer_cb
                0x0000000010007810      0x144 CMakeFiles/misterpico.dir/home/wormley/shared/git/pico/pico-sdk/lib/tinyusb/src/class/cdc/cdc_device.c.obj
                0x0000000010007810                cdcd_xfer_cb
 .text.tusb_init
                0x0000000010007954       0x24 CMakeFiles/misterpico.dir/home/wormley/shared/git/pico/pico-sdk/lib/tinyusb/src/tusb.c.obj
                0x0000000010007954                tusb_init
 .text.tusb_inited
                0x0000000010007978        0xe CMakeFiles/misterpico.dir/home/wormley/shared/git/pico/pico-sdk/lib/tinyusb/src/tusb.c.obj
                0x0000000010007978                tusb_inited
 *fill*         0x0000000010007986        0x2 
 .text.tu_edpt_validate
                0x0000000010007988       0xa8 CMakeFiles/misterpico.dir/home/wormley/shared/git/pico/pico-sdk/lib/tinyusb/src/tusb.c.obj
                0x0000000010007988                tu_edpt_validate
 .text.tu_edpt_bind_driver
                0x0000000010007a30       0x2a CMakeFiles/misterpico.dir/home/wormley/shared/git/pico/pico-sdk/lib/tinyusb/src/tusb.c.obj
                0x0000000010007a30                tu_edpt_bind_driver
 .text.advance_pointer
                0x0000000010007a5a       0x18 CMakeFiles/misterpico.dir/home/wormley/shared/git/pico/pico-sdk/lib/tinyusb/src/common/tusb_fifo.c.obj
 .text.backward_pointer
                0x0000000010007a72       0x1e CMakeFiles/misterpico.dir/home/wormley/shared/git/pico/pico-sdk/lib/tinyusb/src/common/tusb_fifo.c.obj
 .text.get_relative_pointer
                0x0000000010007a90       0x10 CMakeFiles/misterpico.dir/home/wormley/shared/git/pico/pico-sdk/lib/tinyusb/src/common/tusb_fifo.c.obj
 .text._tu_fifo_peek
                0x0000000010007aa0       0x50 CMakeFiles/misterpico.dir/home/wormley/shared/git/pico/pico-sdk/lib/tinyusb/src/common/tusb_fifo.c.obj
 .text._ff_pull_const_addr
                0x0000000010007af0       0x4c CMakeFiles/misterpico.dir/home/wormley/shared/git/pico/pico-sdk/lib/tinyusb/src/common/tusb_fifo.c.obj
 .text._ff_pull_n
                0x0000000010007b3c      0x10c CMakeFiles/misterpico.dir/home/wormley/shared/git/pico/pico-sdk/lib/tinyusb/src/common/tusb_fifo.c.obj
 .text._tu_fifo_peek_n
                0x0000000010007c48       0x5e CMakeFiles/misterpico.dir/home/wormley/shared/git/pico/pico-sdk/lib/tinyusb/src/common/tusb_fifo.c.obj
 .text._tu_fifo_read_n
                0x0000000010007ca6       0x4e CMakeFiles/misterpico.dir/home/wormley/shared/git/pico/pico-sdk/lib/tinyusb/src/common/tusb_fifo.c.obj
 .text._ff_push_const_addr
                0x0000000010007cf4       0x40 CMakeFiles/misterpico.dir/home/wormley/shared/git/pico/pico-sdk/lib/tinyusb/src/common/tusb_fifo.c.obj
 .text._ff_push_n
                0x0000000010007d34      0x108 CMakeFiles/misterpico.dir/home/wormley/shared/git/pico/pico-sdk/lib/tinyusb/src/common/tusb_fifo.c.obj
 .text._tu_fifo_write_n
                0x0000000010007e3c       0x9e CMakeFiles/misterpico.dir/home/wormley/shared/git/pico/pico-sdk/lib/tinyusb/src/common/tusb_fifo.c.obj
 .text.tu_fifo_config
                0x0000000010007eda       0x72 CMakeFiles/misterpico.dir/home/wormley/shared/git/pico/pico-sdk/lib/tinyusb/src/common/tusb_fifo.c.obj
                0x0000000010007eda                tu_fifo_config
 .text.tu_fifo_count
                0x0000000010007f4c       0x26 CMakeFiles/misterpico.dir/home/wormley/shared/git/pico/pico-sdk/lib/tinyusb/src/common/tusb_fifo.c.obj
                0x0000000010007f4c                tu_fifo_count
 .text.tu_fifo_empty
                0x0000000010007f72       0x10 CMakeFiles/misterpico.dir/home/wormley/shared/git/pico/pico-sdk/lib/tinyusb/src/common/tusb_fifo.c.obj
                0x0000000010007f72                tu_fifo_empty
 .text.tu_fifo_remaining
                0x0000000010007f82       0x20 CMakeFiles/misterpico.dir/home/wormley/shared/git/pico/pico-sdk/lib/tinyusb/src/common/tusb_fifo.c.obj
                0x0000000010007f82                tu_fifo_remaining
 .text.tu_fifo_read
                0x0000000010007fa2       0x42 CMakeFiles/misterpico.dir/home/wormley/shared/git/pico/pico-sdk/lib/tinyusb/src/common/tusb_fifo.c.obj
                0x0000000010007fa2                tu_fifo_read
 .text.tu_fifo_read_n
                0x0000000010007fe4        0xa CMakeFiles/misterpico.dir/home/wormley/shared/git/pico/pico-sdk/lib/tinyusb/src/common/tusb_fifo.c.obj
                0x0000000010007fe4                tu_fifo_read_n
 .text.tu_fifo_write
                0x0000000010007fee       0x6c CMakeFiles/misterpico.dir/home/wormley/shared/git/pico/pico-sdk/lib/tinyusb/src/common/tusb_fifo.c.obj
                0x0000000010007fee                tu_fifo_write
 .text.tu_fifo_write_n
                0x000000001000805a        0xa CMakeFiles/misterpico.dir/home/wormley/shared/git/pico/pico-sdk/lib/tinyusb/src/common/tusb_fifo.c.obj
                0x000000001000805a                tu_fifo_write_n
 .text.tu_fifo_clear
                0x0000000010008064       0x4c CMakeFiles/misterpico.dir/home/wormley/shared/git/pico/pico-sdk/lib/tinyusb/src/common/tusb_fifo.c.obj
                0x0000000010008064                tu_fifo_clear
 .text.tu_fifo_set_overwritable
                0x00000000100080b0       0x3c CMakeFiles/misterpico.dir/home/wormley/shared/git/pico/pico-sdk/lib/tinyusb/src/common/tusb_fifo.c.obj
                0x00000000100080b0                tu_fifo_set_overwritable
 .text._retrieve_unique_id_on_boot
                0x00000000100080ec       0x10 CMakeFiles/misterpico.dir/home/wormley/shared/git/pico/pico-sdk/src/rp2_common/pico_unique_id/unique_id.c.obj
 .text.pico_get_unique_board_id_string
                0x00000000100080fc       0x60 CMakeFiles/misterpico.dir/home/wormley/shared/git/pico/pico-sdk/src/rp2_common/pico_unique_id/unique_id.c.obj
                0x00000000100080fc                pico_get_unique_board_id_string
 .text.flash_get_unique_id
                0x000000001000815c       0x46 CMakeFiles/misterpico.dir/home/wormley/shared/git/pico/pico-sdk/src/rp2_common/hardware_flash/flash.c.obj
                0x000000001000815c                flash_get_unique_id
 *fill*         0x00000000100081a2        0x2 
 .text.adc_init
                0x00000000100081a4       0x34 CMakeFiles/misterpico.dir/home/wormley/shared/git/pico/pico-sdk/src/rp2_common/hardware_adc/adc.c.obj
                0x00000000100081a4                adc_init
 .text          0x00000000100081d8       0x5c /usr/lib/gcc/arm-none-eabi/10.3.1/../../../arm-none-eabi/lib/thumb/v6-m/nofp/libg.a(lib_a-callocr.o)
                0x00000000100081d8                _calloc_r
 .text          0x0000000010008234       0x3c /usr/lib/gcc/arm-none-eabi/10.3.1/../../../arm-none-eabi/lib/thumb/v6-m/nofp/libg.a(lib_a-fprintf.o)
                0x0000000010008234                _fprintf_r
                0x000000001000824c                fprintf
 .text          0x0000000010008270      0x574 /usr/lib/gcc/arm-none-eabi/10.3.1/../../../arm-none-eabi/lib/thumb/v6-m/nofp/libg.a(lib_a-mallocr.o)
                0x0000000010008270                _malloc_r
 .text          0x00000000100087e4        0x8 /usr/lib/gcc/arm-none-eabi/10.3.1/../../../arm-none-eabi/lib/thumb/v6-m/nofp/libg.a(lib_a-mlock.o)
                0x00000000100087e4                __malloc_lock
                0x00000000100087e8                __malloc_unlock
 .text          0x00000000100087ec      0x354 /usr/lib/gcc/arm-none-eabi/10.3.1/../../../arm-none-eabi/lib/thumb/v6-m/nofp/libg.a(lib_a-reallocr.o)
                0x00000000100087ec                _realloc_r
 .text          0x0000000010008b40       0x24 /usr/lib/gcc/arm-none-eabi/10.3.1/../../../arm-none-eabi/lib/thumb/v6-m/nofp/libg.a(lib_a-sbrkr.o)
                0x0000000010008b40                _sbrk_r
 .text          0x0000000010008b64       0x5c /usr/lib/gcc/arm-none-eabi/10.3.1/../../../arm-none-eabi/lib/thumb/v6-m/nofp/libg.a(lib_a-strlen-stub.o)
                0x0000000010008b64                strlen
 .text          0x0000000010008bc0       0x18 /usr/lib/gcc/arm-none-eabi/10.3.1/../../../arm-none-eabi/lib/thumb/v6-m/nofp/libg.a(lib_a-syswrite.o)
                0x0000000010008bc0                write
 .text          0x0000000010008bd8     0x16e4 /usr/lib/gcc/arm-none-eabi/10.3.1/../../../arm-none-eabi/lib/thumb/v6-m/nofp/libg.a(lib_a-vfprintf.o)
                0x0000000010008bd8                _vfprintf_r
                0x000000001000a230                vfprintf
 .text          0x000000001000a2bc       0x28 /usr/lib/gcc/arm-none-eabi/10.3.1/../../../arm-none-eabi/lib/thumb/v6-m/nofp/libg.a(lib_a-writer.o)
                0x000000001000a2bc                _write_r
 .text          0x000000001000a2e4       0xdc /usr/lib/gcc/arm-none-eabi/10.3.1/../../../arm-none-eabi/lib/thumb/v6-m/nofp/libg.a(lib_a-wsetup.o)
                0x000000001000a2e4                __swsetup_r
 .text          0x000000001000a3c0     0x1104 /usr/lib/gcc/arm-none-eabi/10.3.1/../../../arm-none-eabi/lib/thumb/v6-m/nofp/libg.a(lib_a-dtoa.o)
                0x000000001000a508                _dtoa_r
 .text          0x000000001000b4c4      0x1c0 /usr/lib/gcc/arm-none-eabi/10.3.1/../../../arm-none-eabi/lib/thumb/v6-m/nofp/libg.a(lib_a-fflush.o)
                0x000000001000b4c4                __sflush_r
                0x000000001000b604                _fflush_r
                0x000000001000b630                fflush
 .text          0x000000001000b684      0x248 /usr/lib/gcc/arm-none-eabi/10.3.1/../../../arm-none-eabi/lib/thumb/v6-m/nofp/libg.a(lib_a-findfp.o)
                0x000000001000b688                _cleanup_r
                0x000000001000b784                __sfmoreglue
                0x000000001000b7b4                __sfp
                0x000000001000b864                _cleanup
                0x000000001000b87c                __sinit
                0x000000001000b88c                __sfp_lock_acquire
                0x000000001000b890                __sfp_lock_release
                0x000000001000b894                __sinit_lock_acquire
                0x000000001000b898                __sinit_lock_release
                0x000000001000b89c                __fp_lock_all
                0x000000001000b8b4                __fp_unlock_all
 .text          0x000000001000b8cc      0x260 /usr/lib/gcc/arm-none-eabi/10.3.1/../../../arm-none-eabi/lib/thumb/v6-m/nofp/libg.a(lib_a-freer.o)
                0x000000001000b8cc                _malloc_trim_r
                0x000000001000b968                _free_r
 .text          0x000000001000bb2c       0x88 /usr/lib/gcc/arm-none-eabi/10.3.1/../../../arm-none-eabi/lib/thumb/v6-m/nofp/libg.a(lib_a-fwalk.o)
                0x000000001000bb2c                _fwalk
                0x000000001000bb6c                _fwalk_reent
 .text          0x000000001000bbb4       0x14 /usr/lib/gcc/arm-none-eabi/10.3.1/../../../arm-none-eabi/lib/thumb/v6-m/nofp/libg.a(lib_a-localeconv.o)
                0x000000001000bbb4                __localeconv_l
                0x000000001000bbb8                _localeconv_r
                0x000000001000bbc0                localeconv
 .text          0x000000001000bbc8      0x144 /usr/lib/gcc/arm-none-eabi/10.3.1/../../../arm-none-eabi/lib/thumb/v6-m/nofp/libg.a(lib_a-makebuf.o)
                0x000000001000bbc8                __smakebuf_r
                0x000000001000bcac                __swhatbuf_r
 .text          0x000000001000bd0c       0x74 /usr/lib/gcc/arm-none-eabi/10.3.1/../../../arm-none-eabi/lib/thumb/v6-m/nofp/libg.a(lib_a-memchr-stub.o)
                0x000000001000bd0c                memchr
 .text          0x000000001000bd80       0xac /usr/lib/gcc/arm-none-eabi/10.3.1/../../../arm-none-eabi/lib/thumb/v6-m/nofp/libg.a(lib_a-memmove.o)
                0x000000001000bd80                memmove
 .text          0x000000001000be2c      0xafc /usr/lib/gcc/arm-none-eabi/10.3.1/../../../arm-none-eabi/lib/thumb/v6-m/nofp/libg.a(lib_a-mprec.o)
                0x000000001000be2c                _Balloc
                0x000000001000be7c                _Bfree
                0x000000001000be90                __multadd
                0x000000001000bf38                __s2b
                0x000000001000bfe8                __hi0bits
                0x000000001000c020                __lo0bits
                0x000000001000c07c                __i2b
                0x000000001000c0dc                __multiply
                0x000000001000c280                __pow5mult
                0x000000001000c358                __lshift
                0x000000001000c454                __mcmp
                0x000000001000c488                __mdiff
                0x000000001000c614                __ulp
                0x000000001000c65c                __b2d
                0x000000001000c724                __d2b
                0x000000001000c7fc                __ratio
                0x000000001000c864                _mprec_log10
                0x000000001000c898                __copybits
                0x000000001000c8d8                __any_on
 .text          0x000000001000c928       0xa4 /usr/lib/gcc/arm-none-eabi/10.3.1/../../../arm-none-eabi/lib/thumb/v6-m/nofp/libg.a(lib_a-stdio.o)
                0x000000001000c928                __sread
                0x000000001000c950                __seofread
                0x000000001000c954                __swrite
                0x000000001000c994                __sseek
                0x000000001000c9c0                __sclose
 .text          0x000000001000c9cc      0xdd8 /usr/lib/gcc/arm-none-eabi/10.3.1/../../../arm-none-eabi/lib/thumb/v6-m/nofp/libg.a(lib_a-vfiprintf.o)
                0x000000001000ca54                __sprint_r
                0x000000001000ca68                _vfiprintf_r
                0x000000001000d718                vfiprintf
 .text          0x000000001000d7a4       0x24 /usr/lib/gcc/arm-none-eabi/10.3.1/../../../arm-none-eabi/lib/thumb/v6-m/nofp/libg.a(lib_a-closer.o)
                0x000000001000d7a4                _close_r
 .text          0x000000001000d7c8       0xe8 /usr/lib/gcc/arm-none-eabi/10.3.1/../../../arm-none-eabi/lib/thumb/v6-m/nofp/libg.a(lib_a-fclose.o)
                0x000000001000d838                _fclose_r
                0x000000001000d870                fclose
 .text          0x000000001000d8b0       0xfc /usr/lib/gcc/arm-none-eabi/10.3.1/../../../arm-none-eabi/lib/thumb/v6-m/nofp/libg.a(lib_a-fputwc.o)
                0x000000001000d8b0                __fputwc
                0x000000001000d948                _fputwc_r
                0x000000001000d968                fputwc
 .text          0x000000001000d9ac       0x28 /usr/lib/gcc/arm-none-eabi/10.3.1/../../../arm-none-eabi/lib/thumb/v6-m/nofp/libg.a(lib_a-fstatr.o)
                0x000000001000d9ac                _fstat_r
 .text          0x000000001000d9d4      0x2f4 /usr/lib/gcc/arm-none-eabi/10.3.1/../../../arm-none-eabi/lib/thumb/v6-m/nofp/libg.a(lib_a-fvwrite.o)
                0x000000001000d9d4                __sfvwrite_r
 .text          0x000000001000dcc8       0x24 /usr/lib/gcc/arm-none-eabi/10.3.1/../../../arm-none-eabi/lib/thumb/v6-m/nofp/libg.a(lib_a-isattyr.o)
                0x000000001000dcc8                _isatty_r
 .text          0x000000001000dcec       0x98 /usr/lib/gcc/arm-none-eabi/10.3.1/../../../arm-none-eabi/lib/thumb/v6-m/nofp/libg.a(lib_a-locale.o)
                0x000000001000dcec                _setlocale_r
                0x000000001000dd30                __locale_mb_cur_max
                0x000000001000dd40                setlocale
 .text          0x000000001000dd84       0x28 /usr/lib/gcc/arm-none-eabi/10.3.1/../../../arm-none-eabi/lib/thumb/v6-m/nofp/libg.a(lib_a-lseekr.o)
                0x000000001000dd84                _lseek_r
 .text          0x000000001000ddac       0x44 /usr/lib/gcc/arm-none-eabi/10.3.1/../../../arm-none-eabi/lib/thumb/v6-m/nofp/libg.a(lib_a-mbtowc_r.o)
                0x000000001000ddac                _mbtowc_r
                0x000000001000ddc4                __ascii_mbtowc
 .text          0x000000001000ddf0       0x28 /usr/lib/gcc/arm-none-eabi/10.3.1/../../../arm-none-eabi/lib/thumb/v6-m/nofp/libg.a(lib_a-readr.o)
                0x000000001000ddf0                _read_r
 .text          0x000000001000de18       0x88 /usr/lib/gcc/arm-none-eabi/10.3.1/../../../arm-none-eabi/lib/thumb/v6-m/nofp/libg.a(lib_a-strcmp.o)
                0x000000001000de18                strcmp
 .text          0x000000001000dea0       0xe0 /usr/lib/gcc/arm-none-eabi/10.3.1/../../../arm-none-eabi/lib/thumb/v6-m/nofp/libg.a(lib_a-wbuf.o)
                0x000000001000dea0                __swbuf_r
                0x000000001000df68                __swbuf
 .text          0x000000001000df80       0x84 /usr/lib/gcc/arm-none-eabi/10.3.1/../../../arm-none-eabi/lib/thumb/v6-m/nofp/libg.a(lib_a-wcrtomb.o)
                0x000000001000df80                _wcrtomb_r
                0x000000001000dfc0                wcrtomb
 .text          0x000000001000e004       0x2c /usr/lib/gcc/arm-none-eabi/10.3.1/../../../arm-none-eabi/lib/thumb/v6-m/nofp/libg.a(lib_a-wctomb_r.o)
                0x000000001000e004                _wctomb_r
                0x000000001000e014                __ascii_wctomb
 .text          0x000000001000e030       0x10 /usr/lib/gcc/arm-none-eabi/10.3.1/../../../arm-none-eabi/lib/thumb/v6-m/nofp/libnosys.a(close.o)
                0x000000001000e030                _close
 .text          0x000000001000e040       0x10 /usr/lib/gcc/arm-none-eabi/10.3.1/../../../arm-none-eabi/lib/thumb/v6-m/nofp/libnosys.a(fstat.o)
                0x000000001000e040                _fstat
 .text          0x000000001000e050       0x10 /usr/lib/gcc/arm-none-eabi/10.3.1/../../../arm-none-eabi/lib/thumb/v6-m/nofp/libnosys.a(isatty.o)
                0x000000001000e050                _isatty
 .text          0x000000001000e060       0x10 /usr/lib/gcc/arm-none-eabi/10.3.1/../../../arm-none-eabi/lib/thumb/v6-m/nofp/libnosys.a(lseek.o)
                0x000000001000e060                _lseek
 *(.fini)
 .fini          0x000000001000e070        0x4 /usr/lib/gcc/arm-none-eabi/10.3.1/thumb/v6-m/nofp/crti.o
                0x000000001000e070                _fini
 *fill*         0x000000001000e074        0x4 
 .fini.__stub   0x000000001000e078       0x70 linker stubs
 *crtbegin.o(.ctors)
 *crtbegin?.o(.ctors)
 *(EXCLUDE_FILE(*crtend.o *crtend?.o) .ctors)
 *(SORT_BY_NAME(.ctors.*))
 *(.ctors)
 *crtbegin.o(.dtors)
 *crtbegin?.o(.dtors)
 *(EXCLUDE_FILE(*crtend.o *crtend?.o) .dtors)
 *(SORT_BY_NAME(.dtors.*))
 *(.dtors)
 *(.eh_frame*)
 .eh_frame      0x000000001000e0e8        0x0 /usr/lib/gcc/arm-none-eabi/10.3.1/thumb/v6-m/nofp/crtbegin.o
                0x000000001000e0e8                . = ALIGN (0x4)

.glue_7         0x000000001000e0e8        0x0
 .glue_7        0x000000001000e0e8        0x0 linker stubs

.glue_7t        0x000000001000e0e8        0x0
 .glue_7t       0x000000001000e0e8        0x0 linker stubs

.vfp11_veneer   0x000000001000e0e8        0x0
 .vfp11_veneer  0x000000001000e0e8        0x0 linker stubs

.v4_bx          0x000000001000e0e8        0x0
 .v4_bx         0x000000001000e0e8        0x0 linker stubs

.iplt           0x000000001000e0e8        0x0
 .iplt          0x000000001000e0e8        0x0 /usr/lib/gcc/arm-none-eabi/10.3.1/thumb/v6-m/nofp/crtbegin.o

.rodata         0x000000001000e0e8     0x1fd0
 *(EXCLUDE_FILE(*libm.a: *libc.a:*lib_a-mem*.o *libgcc.a:) .rodata*)
 .rodata.main_i2c_loop.str1.4
                0x000000001000e0e8       0x1b CMakeFiles/misterpico.dir/misterpico.c.obj
 *fill*         0x000000001000e103        0x1 
 .rodata.main_output_loop.str1.4
                0x000000001000e104       0x12 CMakeFiles/misterpico.dir/misterpico.c.obj
 *fill*         0x000000001000e116        0x2 
 .rodata.adc_output_loop.str1.4
                0x000000001000e118       0x18 CMakeFiles/misterpico.dir/misterpico.c.obj
 .rodata.main.str1.4
                0x000000001000e130       0x18 CMakeFiles/misterpico.dir/misterpico.c.obj
 .rodata.adcinpins
                0x000000001000e148        0x5 CMakeFiles/misterpico.dir/misterpico.c.obj
                0x000000001000e148                adcinpins
 *fill*         0x000000001000e14d        0x3 
 .rodata.gpiooutpins
                0x000000001000e150        0xb CMakeFiles/misterpico.dir/misterpico.c.obj
                0x000000001000e150                gpiooutpins
 *fill*         0x000000001000e15b        0x1 
 .rodata.pwminpins
                0x000000001000e15c        0x4 CMakeFiles/misterpico.dir/misterpico.c.obj
                0x000000001000e15c                pwminpins
 .rodata.pwminslice
                0x000000001000e160        0x4 CMakeFiles/misterpico.dir/misterpico.c.obj
                0x000000001000e160                pwminslice
 .rodata.pwmoutdivfrac
                0x000000001000e164        0x4 CMakeFiles/misterpico.dir/misterpico.c.obj
                0x000000001000e164                pwmoutdivfrac
 .rodata.pwmoutdivint
                0x000000001000e168        0x4 CMakeFiles/misterpico.dir/misterpico.c.obj
                0x000000001000e168                pwmoutdivint
 .rodata.pwmoutpins
                0x000000001000e16c        0x4 CMakeFiles/misterpico.dir/misterpico.c.obj
                0x000000001000e16c                pwmoutpins
 .rodata.pwmoutshift
                0x000000001000e170        0x4 CMakeFiles/misterpico.dir/misterpico.c.obj
                0x000000001000e170                pwmoutshift
 .rodata.pwmoutslice
                0x000000001000e174        0x4 CMakeFiles/misterpico.dir/misterpico.c.obj
                0x000000001000e174                pwmoutslice
 .rodata.i2c_slave_init.str1.4
                0x000000001000e178       0x70 CMakeFiles/misterpico.dir/home/wormley/shared/git/pico/pico_i2c_slave/i2c_slave/i2c_slave.c.obj
 .rodata.__func__.1
                0x000000001000e1e8        0xf CMakeFiles/misterpico.dir/home/wormley/shared/git/pico/pico_i2c_slave/i2c_slave/i2c_slave.c.obj
 *fill*         0x000000001000e1f7        0x1 
 .rodata.i2c_set_baudrate.str1.4
                0x000000001000e1f8       0x69 CMakeFiles/misterpico.dir/home/wormley/shared/git/pico/pico-sdk/src/rp2_common/hardware_i2c/i2c.c.obj
 *fill*         0x000000001000e261        0x3 
 .rodata.__func__.0
                0x000000001000e264       0x11 CMakeFiles/misterpico.dir/home/wormley/shared/git/pico/pico-sdk/src/rp2_common/hardware_i2c/i2c.c.obj
 *fill*         0x000000001000e275        0x3 
 .rodata.spin_lock_claim_unused.str1.4
                0x000000001000e278       0x1b CMakeFiles/misterpico.dir/home/wormley/shared/git/pico/pico-sdk/src/rp2_common/hardware_sync/sync.c.obj
 *fill*         0x000000001000e293        0x1 
 .rodata.make_branch.str1.4
                0x000000001000e294       0x79 CMakeFiles/misterpico.dir/home/wormley/shared/git/pico/pico-sdk/src/rp2_common/hardware_irq/irq.c.obj
 *fill*         0x000000001000e30d        0x3 
 .rodata.insert_branch_and_link.str1.4
                0x000000001000e310       0x10 CMakeFiles/misterpico.dir/home/wormley/shared/git/pico/pico-sdk/src/rp2_common/hardware_irq/irq.c.obj
 .rodata.irq_set_exclusive_handler.str1.4
                0x000000001000e320       0x36 CMakeFiles/misterpico.dir/home/wormley/shared/git/pico/pico-sdk/src/rp2_common/hardware_irq/irq.c.obj
 *fill*         0x000000001000e356        0x2 
 .rodata.irq_add_shared_handler.str1.4
                0x000000001000e358       0xd9 CMakeFiles/misterpico.dir/home/wormley/shared/git/pico/pico-sdk/src/rp2_common/hardware_irq/irq.c.obj
 *fill*         0x000000001000e431        0x3 
 .rodata.irq_remove_handler.str1.4
                0x000000001000e434       0x2a CMakeFiles/misterpico.dir/home/wormley/shared/git/pico/pico-sdk/src/rp2_common/hardware_irq/irq.c.obj
 *fill*         0x000000001000e45e        0x2 
 .rodata.irq_add_tail_to_free_list.str1.4
                0x000000001000e460       0x3a CMakeFiles/misterpico.dir/home/wormley/shared/git/pico/pico-sdk/src/rp2_common/hardware_irq/irq.c.obj
 *fill*         0x000000001000e49a        0x2 
 .rodata.user_irq_claim_unused.str1.4
                0x000000001000e49c       0x1b CMakeFiles/misterpico.dir/home/wormley/shared/git/pico/pico-sdk/src/rp2_common/hardware_irq/irq.c.obj
 *fill*         0x000000001000e4b7        0x1 
 .rodata.__func__.0
                0x000000001000e4b8       0x1a CMakeFiles/misterpico.dir/home/wormley/shared/git/pico/pico-sdk/src/rp2_common/hardware_irq/irq.c.obj
 *fill*         0x000000001000e4d2        0x2 
 .rodata.__func__.1
                0x000000001000e4d4       0x17 CMakeFiles/misterpico.dir/home/wormley/shared/git/pico/pico-sdk/src/rp2_common/hardware_irq/irq.c.obj
 *fill*         0x000000001000e4eb        0x1 
 .rodata.__func__.2
                0x000000001000e4ec       0x13 CMakeFiles/misterpico.dir/home/wormley/shared/git/pico/pico-sdk/src/rp2_common/hardware_irq/irq.c.obj
 *fill*         0x000000001000e4ff        0x1 
 .rodata.__func__.3
                0x000000001000e500        0xc CMakeFiles/misterpico.dir/home/wormley/shared/git/pico/pico-sdk/src/rp2_common/hardware_irq/irq.c.obj
 .rodata.__func__.4
                0x000000001000e50c        0xf CMakeFiles/misterpico.dir/home/wormley/shared/git/pico/pico-sdk/src/rp2_common/hardware_irq/irq.c.obj
 *fill*         0x000000001000e51b        0x1 
 .rodata.__func__.5
                0x000000001000e51c       0x17 CMakeFiles/misterpico.dir/home/wormley/shared/git/pico/pico-sdk/src/rp2_common/hardware_irq/irq.c.obj
 *fill*         0x000000001000e533        0x1 
 .rodata.__func__.6
                0x000000001000e534       0x1a CMakeFiles/misterpico.dir/home/wormley/shared/git/pico/pico-sdk/src/rp2_common/hardware_irq/irq.c.obj
 *fill*         0x000000001000e54e        0x2 
 .rodata.repeating_timer_callback.str1.4
                0x000000001000e550       0x57 CMakeFiles/misterpico.dir/home/wormley/shared/git/pico/pico-sdk/src/common/pico_time/time.c.obj
 *fill*         0x000000001000e5a7        0x1 
 .rodata.alarm_pool_dump_key.str1.4
                0x000000001000e5a8       0x33 CMakeFiles/misterpico.dir/home/wormley/shared/git/pico/pico-sdk/src/common/pico_time/time.c.obj
 *fill*         0x000000001000e5db        0x1 
 .rodata.ph_add_child_node.str1.4
                0x000000001000e5dc       0xa2 CMakeFiles/misterpico.dir/home/wormley/shared/git/pico/pico-sdk/src/common/pico_time/time.c.obj
 *fill*         0x000000001000e67e        0x2 
 .rodata.add_alarm_under_lock.str1.4
                0x000000001000e680       0x28 CMakeFiles/misterpico.dir/home/wormley/shared/git/pico/pico-sdk/src/common/pico_time/time.c.obj
                                         0x2b (size before relaxing)
 .rodata.alarm_pool_alarm_callback.str1.4
                0x000000001000e6a8       0xf2 CMakeFiles/misterpico.dir/home/wormley/shared/git/pico/pico-sdk/src/common/pico_time/time.c.obj
 *fill*         0x000000001000e79a        0x2 
 .rodata.alarm_pool_get_default.str1.4
                0x000000001000e79c       0x21 CMakeFiles/misterpico.dir/home/wormley/shared/git/pico/pico-sdk/src/common/pico_time/time.c.obj
 *fill*         0x000000001000e7bd        0x3 
 .rodata.alarm_pool_cancel_alarm.str1.4
                0x000000001000e7c0       0x27 CMakeFiles/misterpico.dir/home/wormley/shared/git/pico/pico-sdk/src/common/pico_time/time.c.obj
 *fill*         0x000000001000e7e7        0x1 
 .rodata.__func__.1
                0x000000001000e7e8       0x18 CMakeFiles/misterpico.dir/home/wormley/shared/git/pico/pico-sdk/src/common/pico_time/time.c.obj
 .rodata.__func__.10
                0x000000001000e800       0x15 CMakeFiles/misterpico.dir/home/wormley/shared/git/pico/pico-sdk/src/common/pico_time/time.c.obj
 *fill*         0x000000001000e815        0x3 
 .rodata.__func__.11
                0x000000001000e818       0x1a CMakeFiles/misterpico.dir/home/wormley/shared/git/pico/pico-sdk/src/common/pico_time/time.c.obj
 *fill*         0x000000001000e832        0x2 
 .rodata.__func__.12
                0x000000001000e834        0xa CMakeFiles/misterpico.dir/home/wormley/shared/git/pico/pico-sdk/src/common/pico_time/time.c.obj
 *fill*         0x000000001000e83e        0x2 
 .rodata.__func__.3
                0x000000001000e840       0x17 CMakeFiles/misterpico.dir/home/wormley/shared/git/pico/pico-sdk/src/common/pico_time/time.c.obj
 *fill*         0x000000001000e857        0x1 
 .rodata.__func__.4
                0x000000001000e858       0x12 CMakeFiles/misterpico.dir/home/wormley/shared/git/pico/pico-sdk/src/common/pico_time/time.c.obj
 *fill*         0x000000001000e86a        0x2 
 .rodata.__func__.5
                0x000000001000e86c        0xd CMakeFiles/misterpico.dir/home/wormley/shared/git/pico/pico-sdk/src/common/pico_time/time.c.obj
 *fill*         0x000000001000e879        0x3 
 .rodata.__func__.6
                0x000000001000e87c       0x12 CMakeFiles/misterpico.dir/home/wormley/shared/git/pico/pico-sdk/src/common/pico_time/time.c.obj
 *fill*         0x000000001000e88e        0x2 
 .rodata.__func__.7
                0x000000001000e890        0xf CMakeFiles/misterpico.dir/home/wormley/shared/git/pico/pico-sdk/src/common/pico_time/time.c.obj
 *fill*         0x000000001000e89f        0x1 
 .rodata.__func__.8
                0x000000001000e8a0        0xc CMakeFiles/misterpico.dir/home/wormley/shared/git/pico/pico-sdk/src/common/pico_time/time.c.obj
 .rodata.__func__.9
                0x000000001000e8ac       0x15 CMakeFiles/misterpico.dir/home/wormley/shared/git/pico/pico-sdk/src/common/pico_time/time.c.obj
 *fill*         0x000000001000e8c1        0x7 
 .rodata.at_the_end_of_time
                0x000000001000e8c8        0x8 CMakeFiles/misterpico.dir/home/wormley/shared/git/pico/pico-sdk/src/common/pico_time/time.c.obj
                0x000000001000e8c8                at_the_end_of_time
 .rodata.hardware_alarm_claim.str1.4